../Core/Src/gpio.c:32:6:yellowOn1	8	static
../Core/Src/gpio.c:37:6:yellowOff1	8	static
../Core/Src/gpio.c:41:6:red1	8	static
../Core/Src/gpio.c:45:6:green1	8	static
../Core/Src/gpio.c:49:6:yellowOn2	8	static
../Core/Src/gpio.c:54:6:yellowOff2	8	static
../Core/Src/gpio.c:58:6:red2	8	static
../Core/Src/gpio.c:62:6:green2	8	static
../Core/Src/gpio.c:66:6:yellowOn3	8	static
../Core/Src/gpio.c:70:6:yellowOff3	8	static
../Core/Src/gpio.c:74:6:red3	8	static
../Core/Src/gpio.c:78:6:green3	8	static
../Core/Src/gpio.c:82:6:yellowOn4	8	static
../Core/Src/gpio.c:86:6:yellowOff4	8	static
../Core/Src/gpio.c:90:6:red4	8	static
../Core/Src/gpio.c:94:6:green4	8	static
../Core/Src/gpio.c:98:6:yellowOn5	8	static
../Core/Src/gpio.c:102:6:yellowOff5	8	static
../Core/Src/gpio.c:106:6:red5	8	static
../Core/Src/gpio.c:110:6:green5	8	static
../Core/Src/gpio.c:114:6:yellowOn6	8	static
../Core/Src/gpio.c:118:6:yellowOff6	8	static
../Core/Src/gpio.c:122:6:red6	8	static
../Core/Src/gpio.c:126:6:green6	8	static
../Core/Src/gpio.c:130:6:yellowOn7	8	static
../Core/Src/gpio.c:135:6:yellowOff7	8	static
../Core/Src/gpio.c:139:6:red7	8	static
../Core/Src/gpio.c:143:6:green7	8	static
../Core/Src/gpio.c:147:6:ledInit	8	static
../Core/Src/gpio.c:214:6:MX_GPIO_Init	40	static
../Core/Src/gpio.c:301:6:for_delay_us	24	static,ignoring_inline_asm
