../Core/Src/stm32f1xx_it.c:72:6:NMI_Handler	4	static
../Core/Src/stm32f1xx_it.c:87:6:HardFault_Handler	4	static
../Core/Src/stm32f1xx_it.c:102:6:MemManage_Handler	4	static
../Core/Src/stm32f1xx_it.c:117:6:BusFault_Handler	4	static
../Core/Src/stm32f1xx_it.c:132:6:UsageFault_Handler	4	static
../Core/Src/stm32f1xx_it.c:147:6:DebugMon_Handler	4	static
../Core/Src/stm32f1xx_it.c:160:6:SysTick_Handler	8	static
../Core/Src/stm32f1xx_it.c:189:6:EXTI0_IRQHandler	8	static
../Core/Src/stm32f1xx_it.c:203:6:EXTI1_IRQHandler	8	static
../Core/Src/stm32f1xx_it.c:217:6:EXTI2_IRQHandler	8	static
../Core/Src/stm32f1xx_it.c:231:6:EXTI4_IRQHandler	8	static
../Core/Src/stm32f1xx_it.c:245:6:EXTI9_5_IRQHandler	8	static
../Core/Src/stm32f1xx_it.c:259:6:TIM3_IRQHandler	8	static
../Core/Src/stm32f1xx_it.c:273:6:USART1_IRQHandler	8	static
../Core/Src/stm32f1xx_it.c:287:6:EXTI15_10_IRQHandler	8	static
