Archive member included to satisfy reference by file (symbol)

c:/st/stm32cubeide_1.10.1/stm32cubeide/plugins/com.st.stm32cube.ide.mcu.externaltools.gnu-tools-for-stm32.10.3-2021.10.win32_1.0.0.202111181127/tools/bin/../lib/gcc/arm-none-eabi/10.3.1/../../../../arm-none-eabi/lib/thumb/v7-m/nofp\libc_nano.a(lib_a-errno.o)
                              ./Core/Src/syscalls.o (__errno)
c:/st/stm32cubeide_1.10.1/stm32cubeide/plugins/com.st.stm32cube.ide.mcu.externaltools.gnu-tools-for-stm32.10.3-2021.10.win32_1.0.0.202111181127/tools/bin/../lib/gcc/arm-none-eabi/10.3.1/../../../../arm-none-eabi/lib/thumb/v7-m/nofp\libc_nano.a(lib_a-exit.o)
                              c:/st/stm32cubeide_1.10.1/stm32cubeide/plugins/com.st.stm32cube.ide.mcu.externaltools.gnu-tools-for-stm32.10.3-2021.10.win32_1.0.0.202111181127/tools/bin/../lib/gcc/arm-none-eabi/10.3.1/../../../../arm-none-eabi/lib/thumb/v7-m/nofp/crt0.o (exit)
c:/st/stm32cubeide_1.10.1/stm32cubeide/plugins/com.st.stm32cube.ide.mcu.externaltools.gnu-tools-for-stm32.10.3-2021.10.win32_1.0.0.202111181127/tools/bin/../lib/gcc/arm-none-eabi/10.3.1/../../../../arm-none-eabi/lib/thumb/v7-m/nofp\libc_nano.a(lib_a-impure.o)
                              c:/st/stm32cubeide_1.10.1/stm32cubeide/plugins/com.st.stm32cube.ide.mcu.externaltools.gnu-tools-for-stm32.10.3-2021.10.win32_1.0.0.202111181127/tools/bin/../lib/gcc/arm-none-eabi/10.3.1/../../../../arm-none-eabi/lib/thumb/v7-m/nofp\libc_nano.a(lib_a-exit.o) (_global_impure_ptr)
c:/st/stm32cubeide_1.10.1/stm32cubeide/plugins/com.st.stm32cube.ide.mcu.externaltools.gnu-tools-for-stm32.10.3-2021.10.win32_1.0.0.202111181127/tools/bin/../lib/gcc/arm-none-eabi/10.3.1/../../../../arm-none-eabi/lib/thumb/v7-m/nofp\libc_nano.a(lib_a-init.o)
                              c:/st/stm32cubeide_1.10.1/stm32cubeide/plugins/com.st.stm32cube.ide.mcu.externaltools.gnu-tools-for-stm32.10.3-2021.10.win32_1.0.0.202111181127/tools/bin/../lib/gcc/arm-none-eabi/10.3.1/../../../../arm-none-eabi/lib/thumb/v7-m/nofp/crt0.o (__libc_init_array)
c:/st/stm32cubeide_1.10.1/stm32cubeide/plugins/com.st.stm32cube.ide.mcu.externaltools.gnu-tools-for-stm32.10.3-2021.10.win32_1.0.0.202111181127/tools/bin/../lib/gcc/arm-none-eabi/10.3.1/../../../../arm-none-eabi/lib/thumb/v7-m/nofp\libc_nano.a(lib_a-memcpy-stub.o)
                              ./Middlewares/Third_Party/FreeRTOS/Source/CMSIS_RTOS_V2/cmsis_os2.o (memcpy)
c:/st/stm32cubeide_1.10.1/stm32cubeide/plugins/com.st.stm32cube.ide.mcu.externaltools.gnu-tools-for-stm32.10.3-2021.10.win32_1.0.0.202111181127/tools/bin/../lib/gcc/arm-none-eabi/10.3.1/../../../../arm-none-eabi/lib/thumb/v7-m/nofp\libc_nano.a(lib_a-memset.o)
                              c:/st/stm32cubeide_1.10.1/stm32cubeide/plugins/com.st.stm32cube.ide.mcu.externaltools.gnu-tools-for-stm32.10.3-2021.10.win32_1.0.0.202111181127/tools/bin/../lib/gcc/arm-none-eabi/10.3.1/../../../../arm-none-eabi/lib/thumb/v7-m/nofp/crt0.o (memset)

Discarded input sections

 .text          0x0000000000000000        0x0 c:/st/stm32cubeide_1.10.1/stm32cubeide/plugins/com.st.stm32cube.ide.mcu.externaltools.gnu-tools-for-stm32.10.3-2021.10.win32_1.0.0.202111181127/tools/bin/../lib/gcc/arm-none-eabi/10.3.1/thumb/v7-m/nofp/crti.o
 .data          0x0000000000000000        0x0 c:/st/stm32cubeide_1.10.1/stm32cubeide/plugins/com.st.stm32cube.ide.mcu.externaltools.gnu-tools-for-stm32.10.3-2021.10.win32_1.0.0.202111181127/tools/bin/../lib/gcc/arm-none-eabi/10.3.1/thumb/v7-m/nofp/crti.o
 .bss           0x0000000000000000        0x0 c:/st/stm32cubeide_1.10.1/stm32cubeide/plugins/com.st.stm32cube.ide.mcu.externaltools.gnu-tools-for-stm32.10.3-2021.10.win32_1.0.0.202111181127/tools/bin/../lib/gcc/arm-none-eabi/10.3.1/thumb/v7-m/nofp/crti.o
 .data          0x0000000000000000        0x4 c:/st/stm32cubeide_1.10.1/stm32cubeide/plugins/com.st.stm32cube.ide.mcu.externaltools.gnu-tools-for-stm32.10.3-2021.10.win32_1.0.0.202111181127/tools/bin/../lib/gcc/arm-none-eabi/10.3.1/thumb/v7-m/nofp/crtbegin.o
 .rodata        0x0000000000000000       0x24 c:/st/stm32cubeide_1.10.1/stm32cubeide/plugins/com.st.stm32cube.ide.mcu.externaltools.gnu-tools-for-stm32.10.3-2021.10.win32_1.0.0.202111181127/tools/bin/../lib/gcc/arm-none-eabi/10.3.1/thumb/v7-m/nofp/crtbegin.o
 .text          0x0000000000000000       0x7c c:/st/stm32cubeide_1.10.1/stm32cubeide/plugins/com.st.stm32cube.ide.mcu.externaltools.gnu-tools-for-stm32.10.3-2021.10.win32_1.0.0.202111181127/tools/bin/../lib/gcc/arm-none-eabi/10.3.1/../../../../arm-none-eabi/lib/thumb/v7-m/nofp/crt0.o
 .data          0x0000000000000000        0x0 c:/st/stm32cubeide_1.10.1/stm32cubeide/plugins/com.st.stm32cube.ide.mcu.externaltools.gnu-tools-for-stm32.10.3-2021.10.win32_1.0.0.202111181127/tools/bin/../lib/gcc/arm-none-eabi/10.3.1/../../../../arm-none-eabi/lib/thumb/v7-m/nofp/crt0.o
[...]
Memory Configuration

Name             Origin             Length             Attributes
RAM              0x0000000020000000 0x0000000000005000 xrw
FLASH            0x0000000008000000 0x0000000000010000 xr
*default*        0x0000000000000000 0xffffffffffffffff

Linker script and memory map

LOAD c:/st/stm32cubeide_1.10.1/stm32cubeide/plugins/com.st.stm32cube.ide.mcu.externaltools.gnu-tools-for-stm32.10.3-2021.10.win32_1.0.0.202111181127/tools/bin/../lib/gcc/arm-none-eabi/10.3.1/thumb/v7-m/nofp/crti.o
LOAD c:/st/stm32cubeide_1.10.1/stm32cubeide/plugins/com.st.stm32cube.ide.mcu.externaltools.gnu-tools-for-stm32.10.3-2021.10.win32_1.0.0.202111181127/tools/bin/../lib/gcc/arm-none-eabi/10.3.1/thumb/v7-m/nofp/crtbegin.o
LOAD c:/st/stm32cubeide_1.10.1/stm32cubeide/plugins/com.st.stm32cube.ide.mcu.externaltools.gnu-tools-for-stm32.10.3-2021.10.win32_1.0.0.202111181127/tools/bin/../lib/gcc/arm-none-eabi/10.3.1/../../../../arm-none-eabi/lib/thumb/v7-m/nofp/crt0.o
LOAD ./Core/Src/freertos.o
LOAD ./Core/Src/gpio.o
LOAD ./Core/Src/main.o
LOAD ./Core/Src/stm32f1xx_hal_msp.o
LOAD ./Core/Src/stm32f1xx_it.o
LOAD ./Core/Src/syscalls.o
LOAD ./Core/Src/sysmem.o
LOAD ./Core/Src/system_stm32f1xx.o
LOAD ./Core/Src/tim.o
LOAD ./Core/Src/usart.o
LOAD ./Core/Startup/startup_stm32f103r8tx.o
LOAD ./Drivers/STM32F1xx_HAL_Driver/Src/stm32f1xx_hal.o
LOAD ./Drivers/STM32F1xx_HAL_Driver/Src/stm32f1xx_hal_cortex.o
LOAD ./Drivers/STM32F1xx_HAL_Driver/Src/stm32f1xx_hal_dma.o
LOAD ./Drivers/STM32F1xx_HAL_Driver/Src/stm32f1xx_hal_exti.o
LOAD ./Drivers/STM32F1xx_HAL_Driver/Src/stm32f1xx_hal_flash.o
LOAD ./Drivers/STM32F1xx_HAL_Driver/Src/stm32f1xx_hal_flash_ex.o
LOAD ./Drivers/STM32F1xx_HAL_Driver/Src/stm32f1xx_hal_gpio.o
LOAD ./Drivers/STM32F1xx_HAL_Driver/Src/stm32f1xx_hal_gpio_ex.o
LOAD ./Drivers/STM32F1xx_HAL_Driver/Src/stm32f1xx_hal_pwr.o
LOAD ./Drivers/STM32F1xx_HAL_Driver/Src/stm32f1xx_hal_rcc.o
LOAD ./Drivers/STM32F1xx_HAL_Driver/Src/stm32f1xx_hal_rcc_ex.o
LOAD ./Drivers/STM32F1xx_HAL_Driver/Src/stm32f1xx_hal_tim.o
LOAD ./Drivers/STM32F1xx_HAL_Driver/Src/stm32f1xx_hal_tim_ex.o
LOAD ./Drivers/STM32F1xx_HAL_Driver/Src/stm32f1xx_hal_uart.o
LOAD ./Drivers/STM32F1xx_HAL_Driver/Src/stm32f1xx_hal_usart.o
LOAD ./Middlewares/Third_Party/FreeRTOS/Source/CMSIS_RTOS_V2/cmsis_os2.o
LOAD ./Middlewares/Third_Party/FreeRTOS/Source/croutine.o
LOAD ./Middlewares/Third_Party/FreeRTOS/Source/event_groups.o
LOAD ./Middlewares/Third_Party/FreeRTOS/Source/list.o
LOAD ./Middlewares/Third_Party/FreeRTOS/Source/queue.o
LOAD ./Middlewares/Third_Party/FreeRTOS/Source/stream_buffer.o
LOAD ./Middlewares/Third_Party/FreeRTOS/Source/tasks.o
LOAD ./Middlewares/Third_Party/FreeRTOS/Source/timers.o
LOAD ./Middlewares/Third_Party/FreeRTOS/Source/portable/GCC/ARM_CM3/port.o
LOAD ./Middlewares/Third_Party/FreeRTOS/Source/portable/MemMang/heap_4.o
START GROUP
LOAD c:/st/stm32cubeide_1.10.1/stm32cubeide/plugins/com.st.stm32cube.ide.mcu.externaltools.gnu-tools-for-stm32.10.3-2021.10.win32_1.0.0.202111181127/tools/bin/../lib/gcc/arm-none-eabi/10.3.1/../../../../arm-none-eabi/lib/thumb/v7-m/nofp\libc_nano.a
LOAD c:/st/stm32cubeide_1.10.1/stm32cubeide/plugins/com.st.stm32cube.ide.mcu.externaltools.gnu-tools-for-stm32.10.3-2021.10.win32_1.0.0.202111181127/tools/bin/../lib/gcc/arm-none-eabi/10.3.1/../../../../arm-none-eabi/lib/thumb/v7-m/nofp\libm.a
END GROUP
START GROUP
LOAD c:/st/stm32cubeide_1.10.1/stm32cubeide/plugins/com.st.stm32cube.ide.mcu.externaltools.gnu-tools-for-stm32.10.3-2021.10.win32_1.0.0.202111181127/tools/bin/../lib/gcc/arm-none-eabi/10.3.1/thumb/v7-m/nofp\libgcc.a
LOAD c:/st/stm32cubeide_1.10.1/stm32cubeide/plugins/com.st.stm32cube.ide.mcu.externaltools.gnu-tools-for-stm32.10.3-2021.10.win32_1.0.0.202111181127/tools/bin/../lib/gcc/arm-none-eabi/10.3.1/../../../../arm-none-eabi/lib/thumb/v7-m/nofp\libc_nano.a
END GROUP
START GROUP
LOAD c:/st/stm32cubeide_1.10.1/stm32cubeide/plugins/com.st.stm32cube.ide.mcu.externaltools.gnu-tools-for-stm32.10.3-2021.10.win32_1.0.0.202111181127/tools/bin/../lib/gcc/arm-none-eabi/10.3.1/thumb/v7-m/nofp\libgcc.a
LOAD c:/st/stm32cubeide_1.10.1/stm32cubeide/plugins/com.st.stm32cube.ide.mcu.externaltools.gnu-tools-for-stm32.10.3-2021.10.win32_1.0.0.202111181127/tools/bin/../lib/gcc/arm-none-eabi/10.3.1/../../../../arm-none-eabi/lib/thumb/v7-m/nofp\libc_nano.a
LOAD c:/st/stm32cubeide_1.10.1/stm32cubeide/plugins/com.st.stm32cube.ide.mcu.externaltools.gnu-tools-for-stm32.10.3-2021.10.win32_1.0.0.202111181127/tools/bin/../lib/gcc/arm-none-eabi/10.3.1/../../../../arm-none-eabi/lib/thumb/v7-m/nofp\libnosys.a
END GROUP
START GROUP
LOAD c:/st/stm32cubeide_1.10.1/stm32cubeide/plugins/com.st.stm32cube.ide.mcu.externaltools.gnu-tools-for-stm32.10.3-2021.10.win32_1.0.0.202111181127/tools/bin/../lib/gcc/arm-none-eabi/10.3.1/thumb/v7-m/nofp\libgcc.a
LOAD c:/st/stm32cubeide_1.10.1/stm32cubeide/plugins/com.st.stm32cube.ide.mcu.externaltools.gnu-tools-for-stm32.10.3-2021.10.win32_1.0.0.202111181127/tools/bin/../lib/gcc/arm-none-eabi/10.3.1/../../../../arm-none-eabi/lib/thumb/v7-m/nofp\libc_nano.a
LOAD c:/st/stm32cubeide_1.10.1/stm32cubeide/plugins/com.st.stm32cube.ide.mcu.externaltools.gnu-tools-for-stm32.10.3-2021.10.win32_1.0.0.202111181127/tools/bin/../lib/gcc/arm-none-eabi/10.3.1/../../../../arm-none-eabi/lib/thumb/v7-m/nofp\libnosys.a
END GROUP
LOAD c:/st/stm32cubeide_1.10.1/stm32cubeide/plugins/com.st.stm32cube.ide.mcu.externaltools.gnu-tools-for-stm32.10.3-2021.10.win32_1.0.0.202111181127/tools/bin/../lib/gcc/arm-none-eabi/10.3.1/thumb/v7-m/nofp/crtend.o
LOAD c:/st/stm32cubeide_1.10.1/stm32cubeide/plugins/com.st.stm32cube.ide.mcu.externaltools.gnu-tools-for-stm32.10.3-2021.10.win32_1.0.0.202111181127/tools/bin/../lib/gcc/arm-none-eabi/10.3.1/thumb/v7-m/nofp/crtn.o
                0x0000000020005000                _estack = (ORIGIN (RAM) + LENGTH (RAM))
                0x0000000000000200                _Min_Heap_Size = 0x200
                0x0000000000000400                _Min_Stack_Size = 0x400

.isr_vector     0x0000000008000000      0x10c
                0x0000000008000000                . = ALIGN (0x4)
 *(.isr_vector)
 .isr_vector    0x0000000008000000      0x10c ./Core/Startup/startup_stm32f103r8tx.o
                0x0000000008000000                g_pfnVectors
                0x000000000800010c                . = ALIGN (0x4)

.text           0x0000000008000110     0x6248
                0x0000000008000110                . = ALIGN (0x4)
 *(.text)
 .text          0x0000000008000110       0x40 c:/st/stm32cubeide_1.10.1/stm32cubeide/plugins/com.st.stm32cube.ide.mcu.externaltools.gnu-tools-for-stm32.10.3-2021.10.win32_1.0.0.202111181127/tools/bin/../lib/gcc/arm-none-eabi/10.3.1/thumb/v7-m/nofp/crtbegin.o
 *(.text*)
 .text.MX_FREERTOS_Init
                0x0000000008000150       0xcc ./Core/Src/freertos.o
                0x0000000008000150                MX_FREERTOS_Init
 .text.StartDefaultTask
                0x000000000800021c       0x10 ./Core/Src/freertos.o
                0x000000000800021c                StartDefaultTask
 .text.StartTask02
                0x000000000800022c       0x34 ./Core/Src/freertos.o
                0x000000000800022c                StartTask02
 .text.StartTask03
                0x0000000008000260       0x34 ./Core/Src/freertos.o
                0x0000000008000260                StartTask03
 .text.StartTask04
                0x0000000008000294       0x34 ./Core/Src/freertos.o
                0x0000000008000294                StartTask04
 .text.StartTask05
                0x00000000080002c8       0x34 ./Core/Src/freertos.o
                0x00000000080002c8                StartTask05
 .text.StartTask06
                0x00000000080002fc       0x34 ./Core/Src/freertos.o
                0x00000000080002fc                StartTask06
 .text.StartTask07
                0x0000000008000330       0x34 ./Core/Src/freertos.o
                0x0000000008000330                StartTask07
 .text.yellowOn1
                0x0000000008000364       0x20 ./Core/Src/gpio.o
                0x0000000008000364                yellowOn1
 .text.yellowOff1
                0x0000000008000384       0x20 ./Core/Src/gpio.o
                0x0000000008000384                yellowOff1
 .text.red1     0x00000000080003a4       0x20 ./Core/Src/gpio.o
                0x00000000080003a4                red1
 .text.green1   0x00000000080003c4       0x20 ./Core/Src/gpio.o
                0x00000000080003c4                green1
 .text.yellowOn2
                0x00000000080003e4       0x24 ./Core/Src/gpio.o
                0x00000000080003e4                yellowOn2
 .text.yellowOff2
                0x0000000008000408       0x24 ./Core/Src/gpio.o
                0x0000000008000408                yellowOff2
 .text.red2     0x000000000800042c       0x24 ./Core/Src/gpio.o
                0x000000000800042c                red2
 .text.yellowOn3
                0x0000000008000450       0x20 ./Core/Src/gpio.o
                0x0000000008000450                yellowOn3
 .text.yellowOff3
                0x0000000008000470       0x20 ./Core/Src/gpio.o
                0x0000000008000470                yellowOff3
 .text.red3     0x0000000008000490       0x20 ./Core/Src/gpio.o
                0x0000000008000490                red3
 .text.yellowOn4
                0x00000000080004b0       0x20 ./Core/Src/gpio.o
                0x00000000080004b0                yellowOn4
 .text.yellowOff4
                0x00000000080004d0       0x20 ./Core/Src/gpio.o
                0x00000000080004d0                yellowOff4
 .text.red4     0x00000000080004f0       0x20 ./Core/Src/gpio.o
                0x00000000080004f0                red4
 .text.yellowOn5
                0x0000000008000510       0x20 ./Core/Src/gpio.o
                0x0000000008000510                yellowOn5
 .text.yellowOff5
                0x0000000008000530       0x20 ./Core/Src/gpio.o
                0x0000000008000530                yellowOff5
 .text.red5     0x0000000008000550       0x20 ./Core/Src/gpio.o
                0x0000000008000550                red5
 .text.yellowOn6
                0x0000000008000570       0x24 ./Core/Src/gpio.o
                0x0000000008000570                yellowOn6
 .text.yellowOff6
                0x0000000008000594       0x24 ./Core/Src/gpio.o
                0x0000000008000594                yellowOff6
 .text.red6     0x00000000080005b8       0x24 ./Core/Src/gpio.o
                0x00000000080005b8                red6
 .text.yellowOn7
                0x00000000080005dc       0x24 ./Core/Src/gpio.o
                0x00000000080005dc                yellowOn7
 .text.yellowOff7
                0x0000000008000600       0x24 ./Core/Src/gpio.o
                0x0000000008000600                yellowOff7
 .text.red7     0x0000000008000624       0x24 ./Core/Src/gpio.o
                0x0000000008000624                red7
 .text.MX_GPIO_Init
                0x0000000008000648      0x1b0 ./Core/Src/gpio.o
                0x0000000008000648                MX_GPIO_Init
 .text.for_delay_us
                0x00000000080007f8       0x2e ./Core/Src/gpio.o
                0x00000000080007f8                for_delay_us
 *fill*         0x0000000008000826        0x2 
 .text.main     0x0000000008000828       0x60 ./Core/Src/main.o
                0x0000000008000828                main
 .text.SystemClock_Config
                0x0000000008000888       0x8a ./Core/Src/main.o
                0x0000000008000888                SystemClock_Config
 *fill*         0x0000000008000912        0x2 
 .text.HAL_GPIO_EXTI_Callback
                0x0000000008000914      0x190 ./Core/Src/main.o
                0x0000000008000914                HAL_GPIO_EXTI_Callback
 .text.Error_Handler
                0x0000000008000aa4        0xa ./Core/Src/main.o
                0x0000000008000aa4                Error_Handler
 *fill*         0x0000000008000aae        0x2 
 .text.HAL_MspInit
                0x0000000008000ab0       0x70 ./Core/Src/stm32f1xx_hal_msp.o
                0x0000000008000ab0                HAL_MspInit
 .text.NMI_Handler
                0x0000000008000b20        0x6 ./Core/Src/stm32f1xx_it.o
                0x0000000008000b20                NMI_Handler
 .text.HardFault_Handler
                0x0000000008000b26        0x6 ./Core/Src/stm32f1xx_it.o
                0x0000000008000b26                HardFault_Handler
 .text.MemManage_Handler
                0x0000000008000b2c        0x6 ./Core/Src/stm32f1xx_it.o
                0x0000000008000b2c                MemManage_Handler
 .text.BusFault_Handler
                0x0000000008000b32        0x6 ./Core/Src/stm32f1xx_it.o
                0x0000000008000b32                BusFault_Handler
 .text.UsageFault_Handler
                0x0000000008000b38        0x6 ./Core/Src/stm32f1xx_it.o
                0x0000000008000b38                UsageFault_Handler
 .text.DebugMon_Handler
                0x0000000008000b3e        0xc ./Core/Src/stm32f1xx_it.o
                0x0000000008000b3e                DebugMon_Handler
 .text.SysTick_Handler
                0x0000000008000b4a       0x1a ./Core/Src/stm32f1xx_it.o
                0x0000000008000b4a                SysTick_Handler
 .text.EXTI0_IRQHandler
                0x0000000008000b64        0xe ./Core/Src/stm32f1xx_it.o
                0x0000000008000b64                EXTI0_IRQHandler
 .text.EXTI1_IRQHandler
                0x0000000008000b72        0xe ./Core/Src/stm32f1xx_it.o
                0x0000000008000b72                EXTI1_IRQHandler
 .text.EXTI2_IRQHandler
                0x0000000008000b80        0xe ./Core/Src/stm32f1xx_it.o
                0x0000000008000b80                EXTI2_IRQHandler
 .text.EXTI4_IRQHandler
                0x0000000008000b8e        0xe ./Core/Src/stm32f1xx_it.o
                0x0000000008000b8e                EXTI4_IRQHandler
 .text.EXTI9_5_IRQHandler
                0x0000000008000b9c        0xe ./Core/Src/stm32f1xx_it.o
                0x0000000008000b9c                EXTI9_5_IRQHandler
 *fill*         0x0000000008000baa        0x2 
 .text.TIM3_IRQHandler
                0x0000000008000bac       0x14 ./Core/Src/stm32f1xx_it.o
                0x0000000008000bac                TIM3_IRQHandler
 .text.USART1_IRQHandler
                0x0000000008000bc0       0x14 ./Core/Src/stm32f1xx_it.o
                0x0000000008000bc0                USART1_IRQHandler
 .text.EXTI15_10_IRQHandler
                0x0000000008000bd4       0x18 ./Core/Src/stm32f1xx_it.o
                0x0000000008000bd4                EXTI15_10_IRQHandler
 .text.SystemInit
                0x0000000008000bec        0xc ./Core/Src/system_stm32f1xx.o
                0x0000000008000bec                SystemInit
 .text.MX_TIM3_Init
                0x0000000008000bf8       0x9c ./Core/Src/tim.o
                0x0000000008000bf8                MX_TIM3_Init
 .text.HAL_TIM_Base_MspInit
                0x0000000008000c94       0x4c ./Core/Src/tim.o
                0x0000000008000c94                HAL_TIM_Base_MspInit
 .text.HAL_TIM_PeriodElapsedCallback
                0x0000000008000ce0      0x130 ./Core/Src/tim.o
                0x0000000008000ce0                HAL_TIM_PeriodElapsedCallback
 .text.MX_USART1_UART_Init
                0x0000000008000e10       0x54 ./Core/Src/usart.o
                0x0000000008000e10                MX_USART1_UART_Init
 .text.MX_USART3_Init
                0x0000000008000e64       0x58 ./Core/Src/usart.o
                0x0000000008000e64                MX_USART3_Init
 .text.HAL_UART_MspInit
                0x0000000008000ebc       0xa8 ./Core/Src/usart.o
                0x0000000008000ebc                HAL_UART_MspInit
 .text.HAL_USART_MspInit
                0x0000000008000f64       0xc0 ./Core/Src/usart.o
                0x0000000008000f64                HAL_USART_MspInit
 .text.E_USART_INIT
                0x0000000008001024       0x60 ./Core/Src/usart.o
                0x0000000008001024                E_USART_INIT
 .text.HAL_UART_RxCpltCallback
                0x0000000008001084       0x94 ./Core/Src/usart.o
                0x0000000008001084                HAL_UART_RxCpltCallback
 .text.Reset_Handler
                0x0000000008001118       0x48 ./Core/Startup/startup_stm32f103r8tx.o
                0x0000000008001118                Reset_Handler
 .text.Default_Handler
                0x0000000008001160        0x2 ./Core/Startup/startup_stm32f103r8tx.o
                0x0000000008001160                RTC_Alarm_IRQHandler
                0x0000000008001160                TIM1_CC_IRQHandler
                0x0000000008001160                PVD_IRQHandler
                0x0000000008001160                EXTI3_IRQHandler
                0x0000000008001160                I2C2_EV_IRQHandler
                0x0000000008001160                ADC1_2_IRQHandler
                0x0000000008001160                SPI1_IRQHandler
                0x0000000008001160                TAMPER_IRQHandler
                0x0000000008001160                DMA1_Channel4_IRQHandler
                0x0000000008001160                USART3_IRQHandler
                0x0000000008001160                RTC_IRQHandler
                0x0000000008001160                DMA1_Channel7_IRQHandler
                0x0000000008001160                CAN1_RX1_IRQHandler
                0x0000000008001160                TIM4_IRQHandler
                0x0000000008001160                I2C1_EV_IRQHandler
                0x0000000008001160                DMA1_Channel6_IRQHandler
                0x0000000008001160                RCC_IRQHandler
                0x0000000008001160                TIM1_TRG_COM_IRQHandler
                0x0000000008001160                DMA1_Channel1_IRQHandler
                0x0000000008001160                Default_Handler
                0x0000000008001160                SPI2_IRQHandler
                0x0000000008001160                DMA1_Channel5_IRQHandler
                0x0000000008001160                USB_LP_CAN1_RX0_IRQHandler
                0x0000000008001160                USB_HP_CAN1_TX_IRQHandler
                0x0000000008001160                DMA1_Channel3_IRQHandler
                0x0000000008001160                TIM1_UP_IRQHandler
                0x0000000008001160                WWDG_IRQHandler
                0x0000000008001160                TIM2_IRQHandler
                0x0000000008001160                TIM1_BRK_IRQHandler
                0x0000000008001160                USART2_IRQHandler
                0x0000000008001160                I2C2_ER_IRQHandler
                0x0000000008001160                DMA1_Channel2_IRQHandler
                0x0000000008001160                CAN1_SCE_IRQHandler
                0x0000000008001160                FLASH_IRQHandler
                0x0000000008001160                I2C1_ER_IRQHandler
                0x0000000008001160                USBWakeUp_IRQHandler
 *fill*         0x0000000008001162        0x2 
 .text.HAL_Init
                0x0000000008001164       0x2c ./Drivers/STM32F1xx_HAL_Driver/Src/stm32f1xx_hal.o
                0x0000000008001164                HAL_Init
 .text.HAL_InitTick
                0x0000000008001190       0x60 ./Drivers/STM32F1xx_HAL_Driver/Src/stm32f1xx_hal.o
                0x0000000008001190                HAL_InitTick
 .text.HAL_IncTick
                0x00000000080011f0       0x24 ./Drivers/STM32F1xx_HAL_Driver/Src/stm32f1xx_hal.o
                0x00000000080011f0                HAL_IncTick
 .text.HAL_GetTick
                0x0000000008001214       0x14 ./Drivers/STM32F1xx_HAL_Driver/Src/stm32f1xx_hal.o
                0x0000000008001214                HAL_GetTick
 .text.__NVIC_SetPriorityGrouping
                0x0000000008001228       0x48 ./Drivers/STM32F1xx_HAL_Driver/Src/stm32f1xx_hal_cortex.o
 .text.__NVIC_GetPriorityGrouping
                0x0000000008001270       0x1c ./Drivers/STM32F1xx_HAL_Driver/Src/stm32f1xx_hal_cortex.o
 .text.__NVIC_EnableIRQ
                0x000000000800128c       0x38 ./Drivers/STM32F1xx_HAL_Driver/Src/stm32f1xx_hal_cortex.o
 .text.__NVIC_SetPriority
                0x00000000080012c4       0x54 ./Drivers/STM32F1xx_HAL_Driver/Src/stm32f1xx_hal_cortex.o
 .text.NVIC_EncodePriority
                0x0000000008001318       0x64 ./Drivers/STM32F1xx_HAL_Driver/Src/stm32f1xx_hal_cortex.o
 .text.SysTick_Config
                0x000000000800137c       0x44 ./Drivers/STM32F1xx_HAL_Driver/Src/stm32f1xx_hal_cortex.o
 .text.HAL_NVIC_SetPriorityGrouping
                0x00000000080013c0       0x16 ./Drivers/STM32F1xx_HAL_Driver/Src/stm32f1xx_hal_cortex.o
                0x00000000080013c0                HAL_NVIC_SetPriorityGrouping
 .text.HAL_NVIC_SetPriority
                0x00000000080013d6       0x38 ./Drivers/STM32F1xx_HAL_Driver/Src/stm32f1xx_hal_cortex.o
                0x00000000080013d6                HAL_NVIC_SetPriority
 .text.HAL_NVIC_EnableIRQ
                0x000000000800140e       0x1c ./Drivers/STM32F1xx_HAL_Driver/Src/stm32f1xx_hal_cortex.o
                0x000000000800140e                HAL_NVIC_EnableIRQ
 .text.HAL_SYSTICK_Config
                0x000000000800142a       0x18 ./Drivers/STM32F1xx_HAL_Driver/Src/stm32f1xx_hal_cortex.o
                0x000000000800142a                HAL_SYSTICK_Config
 .text.HAL_DMA_Abort
                0x0000000008001442       0x76 ./Drivers/STM32F1xx_HAL_Driver/Src/stm32f1xx_hal_dma.o
                0x0000000008001442                HAL_DMA_Abort
 .text.HAL_DMA_Abort_IT
                0x00000000080014b8       0xf0 ./Drivers/STM32F1xx_HAL_Driver/Src/stm32f1xx_hal_dma.o
                0x00000000080014b8                HAL_DMA_Abort_IT
 .text.HAL_GPIO_Init
                0x00000000080015a8      0x308 ./Drivers/STM32F1xx_HAL_Driver/Src/stm32f1xx_hal_gpio.o
                0x00000000080015a8                HAL_GPIO_Init
 .text.HAL_GPIO_ReadPin
                0x00000000080018b0       0x2e ./Drivers/STM32F1xx_HAL_Driver/Src/stm32f1xx_hal_gpio.o
                0x00000000080018b0                HAL_GPIO_ReadPin
 .text.HAL_GPIO_WritePin
                0x00000000080018de       0x30 ./Drivers/STM32F1xx_HAL_Driver/Src/stm32f1xx_hal_gpio.o
                0x00000000080018de                HAL_GPIO_WritePin
 *fill*         0x000000000800190e        0x2 
 .text.HAL_GPIO_EXTI_IRQHandler
                0x0000000008001910       0x30 ./Drivers/STM32F1xx_HAL_Driver/Src/stm32f1xx_hal_gpio.o
                0x0000000008001910                HAL_GPIO_EXTI_IRQHandler
 .text.HAL_RCC_OscConfig
                0x0000000008001940      0x504 ./Drivers/STM32F1xx_HAL_Driver/Src/stm32f1xx_hal_rcc.o
                0x0000000008001940                HAL_RCC_OscConfig
 .text.HAL_RCC_ClockConfig
                0x0000000008001e44      0x1d4 ./Drivers/STM32F1xx_HAL_Driver/Src/stm32f1xx_hal_rcc.o
                0x0000000008001e44                HAL_RCC_ClockConfig
 .text.HAL_RCC_GetSysClockFreq
                0x0000000008002018       0xa8 ./Drivers/STM32F1xx_HAL_Driver/Src/stm32f1xx_hal_rcc.o
                0x0000000008002018                HAL_RCC_GetSysClockFreq
 .text.HAL_RCC_GetHCLKFreq
                0x00000000080020c0       0x14 ./Drivers/STM32F1xx_HAL_Driver/Src/stm32f1xx_hal_rcc.o
                0x00000000080020c0                HAL_RCC_GetHCLKFreq
 .text.HAL_RCC_GetPCLK1Freq
                0x00000000080020d4       0x28 ./Drivers/STM32F1xx_HAL_Driver/Src/stm32f1xx_hal_rcc.o
                0x00000000080020d4                HAL_RCC_GetPCLK1Freq
 .text.HAL_RCC_GetPCLK2Freq
                0x00000000080020fc       0x28 ./Drivers/STM32F1xx_HAL_Driver/Src/stm32f1xx_hal_rcc.o
                0x00000000080020fc                HAL_RCC_GetPCLK2Freq
 .text.RCC_Delay
                0x0000000008002124       0x3c ./Drivers/STM32F1xx_HAL_Driver/Src/stm32f1xx_hal_rcc.o
 .text.HAL_TIM_Base_Init
                0x0000000008002160       0x9e ./Drivers/STM32F1xx_HAL_Driver/Src/stm32f1xx_hal_tim.o
                0x0000000008002160                HAL_TIM_Base_Init
 *fill*         0x00000000080021fe        0x2 
 .text.HAL_TIM_Base_Start_IT
                0x0000000008002200       0xa4 ./Drivers/STM32F1xx_HAL_Driver/Src/stm32f1xx_hal_tim.o
                0x0000000008002200                HAL_TIM_Base_Start_IT
 .text.HAL_TIM_Base_Stop_IT
                0x00000000080022a4       0x5c ./Drivers/STM32F1xx_HAL_Driver/Src/stm32f1xx_hal_tim.o
                0x00000000080022a4                HAL_TIM_Base_Stop_IT
 .text.HAL_TIM_IRQHandler
                0x0000000008002300      0x210 ./Drivers/STM32F1xx_HAL_Driver/Src/stm32f1xx_hal_tim.o
                0x0000000008002300                HAL_TIM_IRQHandler
 .text.HAL_TIM_ConfigClockSource
                0x0000000008002510      0x18e ./Drivers/STM32F1xx_HAL_Driver/Src/stm32f1xx_hal_tim.o
                0x0000000008002510                HAL_TIM_ConfigClockSource
 .text.HAL_TIM_OC_DelayElapsedCallback
                0x000000000800269e       0x12 ./Drivers/STM32F1xx_HAL_Driver/Src/stm32f1xx_hal_tim.o
                0x000000000800269e                HAL_TIM_OC_DelayElapsedCallback
 .text.HAL_TIM_IC_CaptureCallback
                0x00000000080026b0       0x12 ./Drivers/STM32F1xx_HAL_Driver/Src/stm32f1xx_hal_tim.o
                0x00000000080026b0                HAL_TIM_IC_CaptureCallback
 .text.HAL_TIM_PWM_PulseFinishedCallback
                0x00000000080026c2       0x12 ./Drivers/STM32F1xx_HAL_Driver/Src/stm32f1xx_hal_tim.o
                0x00000000080026c2                HAL_TIM_PWM_PulseFinishedCallback
 .text.HAL_TIM_TriggerCallback
                0x00000000080026d4       0x12 ./Drivers/STM32F1xx_HAL_Driver/Src/stm32f1xx_hal_tim.o
                0x00000000080026d4                HAL_TIM_TriggerCallback
 *fill*         0x00000000080026e6        0x2 
 .text.TIM_Base_SetConfig
                0x00000000080026e8       0xc4 ./Drivers/STM32F1xx_HAL_Driver/Src/stm32f1xx_hal_tim.o
                0x00000000080026e8                TIM_Base_SetConfig
 .text.TIM_TI1_ConfigInputStage
                0x00000000080027ac       0x5c ./Drivers/STM32F1xx_HAL_Driver/Src/stm32f1xx_hal_tim.o
 .text.TIM_TI2_ConfigInputStage
                0x0000000008002808       0x5e ./Drivers/STM32F1xx_HAL_Driver/Src/stm32f1xx_hal_tim.o
 .text.TIM_ITRx_SetConfig
                0x0000000008002866       0x34 ./Drivers/STM32F1xx_HAL_Driver/Src/stm32f1xx_hal_tim.o
 .text.TIM_ETR_SetConfig
                0x000000000800289a       0x3e ./Drivers/STM32F1xx_HAL_Driver/Src/stm32f1xx_hal_tim.o
                0x000000000800289a                TIM_ETR_SetConfig
 .text.HAL_TIMEx_MasterConfigSynchronization
                0x00000000080028d8       0xbc ./Drivers/STM32F1xx_HAL_Driver/Src/stm32f1xx_hal_tim_ex.o
                0x00000000080028d8                HAL_TIMEx_MasterConfigSynchronization
 .text.HAL_TIMEx_CommutCallback
                0x0000000008002994       0x12 ./Drivers/STM32F1xx_HAL_Driver/Src/stm32f1xx_hal_tim_ex.o
                0x0000000008002994                HAL_TIMEx_CommutCallback
 .text.HAL_TIMEx_BreakCallback
                0x00000000080029a6       0x12 ./Drivers/STM32F1xx_HAL_Driver/Src/stm32f1xx_hal_tim_ex.o
                0x00000000080029a6                HAL_TIMEx_BreakCallback
 .text.HAL_UART_Init
                0x00000000080029b8       0xa0 ./Drivers/STM32F1xx_HAL_Driver/Src/stm32f1xx_hal_uart.o
                0x00000000080029b8                HAL_UART_Init
 .text.HAL_UART_Transmit
                0x0000000008002a58      0x106 ./Drivers/STM32F1xx_HAL_Driver/Src/stm32f1xx_hal_uart.o
                0x0000000008002a58                HAL_UART_Transmit
 .text.HAL_UART_Receive_IT
                0x0000000008002b5e       0x4a ./Drivers/STM32F1xx_HAL_Driver/Src/stm32f1xx_hal_uart.o
                0x0000000008002b5e                HAL_UART_Receive_IT
 .text.HAL_UART_IRQHandler
                0x0000000008002ba8      0x524 ./Drivers/STM32F1xx_HAL_Driver/Src/stm32f1xx_hal_uart.o
                0x0000000008002ba8                HAL_UART_IRQHandler
 .text.HAL_UART_TxCpltCallback
                0x00000000080030cc       0x12 ./Drivers/STM32F1xx_HAL_Driver/Src/stm32f1xx_hal_uart.o
                0x00000000080030cc                HAL_UART_TxCpltCallback
 .text.HAL_UART_ErrorCallback
                0x00000000080030de       0x12 ./Drivers/STM32F1xx_HAL_Driver/Src/stm32f1xx_hal_uart.o
                0x00000000080030de                HAL_UART_ErrorCallback
 .text.HAL_UARTEx_RxEventCallback
                0x00000000080030f0       0x16 ./Drivers/STM32F1xx_HAL_Driver/Src/stm32f1xx_hal_uart.o
                0x00000000080030f0                HAL_UARTEx_RxEventCallback
 .text.UART_WaitOnFlagUntilTimeout
                0x0000000008003106       0xdc ./Drivers/STM32F1xx_HAL_Driver/Src/stm32f1xx_hal_uart.o
 .text.UART_Start_Receive_IT
                0x00000000080031e2       0x72 ./Drivers/STM32F1xx_HAL_Driver/Src/stm32f1xx_hal_uart.o
                0x00000000080031e2                UART_Start_Receive_IT
 .text.UART_EndRxTransfer
                0x0000000008003254       0xc4 ./Drivers/STM32F1xx_HAL_Driver/Src/stm32f1xx_hal_uart.o
 .text.UART_DMAAbortOnError
                0x0000000008003318       0x28 ./Drivers/STM32F1xx_HAL_Driver/Src/stm32f1xx_hal_uart.o
 .text.UART_Transmit_IT
                0x0000000008003340       0x9e ./Drivers/STM32F1xx_HAL_Driver/Src/stm32f1xx_hal_uart.o
 .text.UART_EndTransmit_IT
                0x00000000080033de       0x30 ./Drivers/STM32F1xx_HAL_Driver/Src/stm32f1xx_hal_uart.o
 .text.UART_Receive_IT
                0x000000000800340e      0x17c ./Drivers/STM32F1xx_HAL_Driver/Src/stm32f1xx_hal_uart.o
 *fill*         0x000000000800358a        0x2 
 .text.UART_SetConfig
                0x000000000800358c      0x11c ./Drivers/STM32F1xx_HAL_Driver/Src/stm32f1xx_hal_uart.o
 .text.HAL_USART_Init
                0x00000000080036a8       0x82 ./Drivers/STM32F1xx_HAL_Driver/Src/stm32f1xx_hal_usart.o
                0x00000000080036a8                HAL_USART_Init
 *fill*         0x000000000800372a        0x2 
 .text.USART_SetConfig
                0x000000000800372c      0x1f0 ./Drivers/STM32F1xx_HAL_Driver/Src/stm32f1xx_hal_usart.o
 .text.osKernelInitialize
                0x000000000800391c       0x64 ./Middlewares/Third_Party/FreeRTOS/Source/CMSIS_RTOS_V2/cmsis_os2.o
                0x000000000800391c                osKernelInitialize
 .text.osKernelStart
                0x0000000008003980       0x68 ./Middlewares/Third_Party/FreeRTOS/Source/CMSIS_RTOS_V2/cmsis_os2.o
                0x0000000008003980                osKernelStart
 .text.osThreadNew
                0x00000000080039e8      0x154 ./Middlewares/Third_Party/FreeRTOS/Source/CMSIS_RTOS_V2/cmsis_os2.o
                0x00000000080039e8                osThreadNew
 .text.osDelay  0x0000000008003b3c       0x5c ./Middlewares/Third_Party/FreeRTOS/Source/CMSIS_RTOS_V2/cmsis_os2.o
                0x0000000008003b3c                osDelay
 .text.vApplicationGetIdleTaskMemory
                0x0000000008003b98       0x30 ./Middlewares/Third_Party/FreeRTOS/Source/CMSIS_RTOS_V2/cmsis_os2.o
                0x0000000008003b98                vApplicationGetIdleTaskMemory
 .text.vApplicationGetTimerTaskMemory
                0x0000000008003bc8       0x34 ./Middlewares/Third_Party/FreeRTOS/Source/CMSIS_RTOS_V2/cmsis_os2.o
                0x0000000008003bc8                vApplicationGetTimerTaskMemory
 .text.vListInitialise
                0x0000000008003bfc       0x3e ./Middlewares/Third_Party/FreeRTOS/Source/list.o
                0x0000000008003bfc                vListInitialise
 .text.vListInitialiseItem
                0x0000000008003c3a       0x18 ./Middlewares/Third_Party/FreeRTOS/Source/list.o
                0x0000000008003c3a                vListInitialiseItem
 .text.vListInsertEnd
                0x0000000008003c52       0x46 ./Middlewares/Third_Party/FreeRTOS/Source/list.o
                0x0000000008003c52                vListInsertEnd
 .text.vListInsert
                0x0000000008003c98       0x70 ./Middlewares/Third_Party/FreeRTOS/Source/list.o
                0x0000000008003c98                vListInsert
 .text.uxListRemove
                0x0000000008003d08       0x52 ./Middlewares/Third_Party/FreeRTOS/Source/list.o
                0x0000000008003d08                uxListRemove
 *fill*         0x0000000008003d5a        0x2 
 .text.xQueueGenericReset
                0x0000000008003d5c       0xd0 ./Middlewares/Third_Party/FreeRTOS/Source/queue.o
                0x0000000008003d5c                xQueueGenericReset
 .text.xQueueGenericCreateStatic
                0x0000000008003e2c       0xee ./Middlewares/Third_Party/FreeRTOS/Source/queue.o
                0x0000000008003e2c                xQueueGenericCreateStatic
 .text.prvInitialiseNewQueue
                0x0000000008003f1a       0x46 ./Middlewares/Third_Party/FreeRTOS/Source/queue.o
 .text.xQueueGenericSend
                0x0000000008003f60      0x1fc ./Middlewares/Third_Party/FreeRTOS/Source/queue.o
                0x0000000008003f60                xQueueGenericSend
 .text.xQueueGenericSendFromISR
                0x000000000800415c      0x130 ./Middlewares/Third_Party/FreeRTOS/Source/queue.o
                0x000000000800415c                xQueueGenericSendFromISR
 .text.xQueueReceive
                0x000000000800428c      0x1c0 ./Middlewares/Third_Party/FreeRTOS/Source/queue.o
                0x000000000800428c                xQueueReceive
 .text.prvCopyDataToQueue
                0x000000000800444c       0xd4 ./Middlewares/Third_Party/FreeRTOS/Source/queue.o
 .text.prvCopyDataFromQueue
                0x0000000008004520       0x4c ./Middlewares/Third_Party/FreeRTOS/Source/queue.o
 .text.prvUnlockQueue
                0x000000000800456c       0xa4 ./Middlewares/Third_Party/FreeRTOS/Source/queue.o
 .text.prvIsQueueEmpty
                0x0000000008004610       0x2c ./Middlewares/Third_Party/FreeRTOS/Source/queue.o
 .text.prvIsQueueFull
                0x000000000800463c       0x30 ./Middlewares/Third_Party/FreeRTOS/Source/queue.o
 .text.vQueueAddToRegistry
                0x000000000800466c       0x50 ./Middlewares/Third_Party/FreeRTOS/Source/queue.o
                0x000000000800466c                vQueueAddToRegistry
 .text.vQueueWaitForMessageRestricted
                0x00000000080046bc       0x68 ./Middlewares/Third_Party/FreeRTOS/Source/queue.o
                0x00000000080046bc                vQueueWaitForMessageRestricted
 .text.xTaskCreateStatic
                0x0000000008004724       0xb8 ./Middlewares/Third_Party/FreeRTOS/Source/tasks.o
                0x0000000008004724                xTaskCreateStatic
 .text.xTaskCreate
                0x00000000080047dc       0x8a ./Middlewares/Third_Party/FreeRTOS/Source/tasks.o
                0x00000000080047dc                xTaskCreate
 .text.prvInitialiseNewTask
                0x0000000008004866      0x10e ./Middlewares/Third_Party/FreeRTOS/Source/tasks.o
 .text.prvAddNewTaskToReadyList
                0x0000000008004974       0xe0 ./Middlewares/Third_Party/FreeRTOS/Source/tasks.o
 .text.vTaskDelay
                0x0000000008004a54       0x68 ./Middlewares/Third_Party/FreeRTOS/Source/tasks.o
                0x0000000008004a54                vTaskDelay
 .text.vTaskStartScheduler
                0x0000000008004abc       0xcc ./Middlewares/Third_Party/FreeRTOS/Source/tasks.o
                0x0000000008004abc                vTaskStartScheduler
 .text.vTaskSuspendAll
                0x0000000008004b88       0x1c ./Middlewares/Third_Party/FreeRTOS/Source/tasks.o
                0x0000000008004b88                vTaskSuspendAll
 .text.xTaskResumeAll
                0x0000000008004ba4      0x13c ./Middlewares/Third_Party/FreeRTOS/Source/tasks.o
                0x0000000008004ba4                xTaskResumeAll
 .text.xTaskGetTickCount
                0x0000000008004ce0       0x1c ./Middlewares/Third_Party/FreeRTOS/Source/tasks.o
                0x0000000008004ce0                xTaskGetTickCount
 .text.xTaskIncrementTick
                0x0000000008004cfc      0x17c ./Middlewares/Third_Party/FreeRTOS/Source/tasks.o
                0x0000000008004cfc                xTaskIncrementTick
 .text.vTaskSwitchContext
                0x0000000008004e78       0xb8 ./Middlewares/Third_Party/FreeRTOS/Source/tasks.o
                0x0000000008004e78                vTaskSwitchContext
 .text.vTaskPlaceOnEventList
                0x0000000008004f30       0x48 ./Middlewares/Third_Party/FreeRTOS/Source/tasks.o
                0x0000000008004f30                vTaskPlaceOnEventList
 .text.vTaskPlaceOnEventListRestricted
                0x0000000008004f78       0x58 ./Middlewares/Third_Party/FreeRTOS/Source/tasks.o
                0x0000000008004f78                vTaskPlaceOnEventListRestricted
 .text.xTaskRemoveFromEventList
                0x0000000008004fd0       0xc8 ./Middlewares/Third_Party/FreeRTOS/Source/tasks.o
                0x0000000008004fd0                xTaskRemoveFromEventList
 .text.vTaskInternalSetTimeOutState
                0x0000000008005098       0x2c ./Middlewares/Third_Party/FreeRTOS/Source/tasks.o
                0x0000000008005098                vTaskInternalSetTimeOutState
 .text.xTaskCheckForTimeOut
                0x00000000080050c4       0xc4 ./Middlewares/Third_Party/FreeRTOS/Source/tasks.o
                0x00000000080050c4                xTaskCheckForTimeOut
 .text.vTaskMissedYield
                0x0000000008005188       0x18 ./Middlewares/Third_Party/FreeRTOS/Source/tasks.o
                0x0000000008005188                vTaskMissedYield
 .text.prvIdleTask
                0x00000000080051a0       0x30 ./Middlewares/Third_Party/FreeRTOS/Source/tasks.o
 .text.prvInitialiseTaskLists
                0x00000000080051d0       0x80 ./Middlewares/Third_Party/FreeRTOS/Source/tasks.o
 .text.prvCheckTasksWaitingTermination
                0x0000000008005250       0x5c ./Middlewares/Third_Party/FreeRTOS/Source/tasks.o
 .text.prvDeleteTCB
                0x00000000080052ac       0x5e ./Middlewares/Third_Party/FreeRTOS/Source/tasks.o
 *fill*         0x000000000800530a        0x2 
 .text.prvResetNextTaskUnblockTime
                0x000000000800530c       0x48 ./Middlewares/Third_Party/FreeRTOS/Source/tasks.o
 .text.xTaskGetSchedulerState
                0x0000000008005354       0x3c ./Middlewares/Third_Party/FreeRTOS/Source/tasks.o
                0x0000000008005354                xTaskGetSchedulerState
 .text.xTaskPriorityDisinherit
                0x0000000008005390       0xdc ./Middlewares/Third_Party/FreeRTOS/Source/tasks.o
                0x0000000008005390                xTaskPriorityDisinherit
 .text.prvAddCurrentTaskToDelayedList
                0x000000000800546c       0xa8 ./Middlewares/Third_Party/FreeRTOS/Source/tasks.o
 .text.xTimerCreateTimerTask
                0x0000000008005514       0x90 ./Middlewares/Third_Party/FreeRTOS/Source/timers.o
                0x0000000008005514                xTimerCreateTimerTask
 .text.xTimerGenericCommand
                0x00000000080055a4       0x9c ./Middlewares/Third_Party/FreeRTOS/Source/timers.o
                0x00000000080055a4                xTimerGenericCommand
 .text.prvProcessExpiredTimer
                0x0000000008005640       0x80 ./Middlewares/Third_Party/FreeRTOS/Source/timers.o
 .text.prvTimerTask
                0x00000000080056c0       0x24 ./Middlewares/Third_Party/FreeRTOS/Source/timers.o
 .text.prvProcessTimerOrBlockTask
                0x00000000080056e4       0x9c ./Middlewares/Third_Party/FreeRTOS/Source/timers.o
 .text.prvGetNextExpireTime
                0x0000000008005780       0x48 ./Middlewares/Third_Party/FreeRTOS/Source/timers.o
 .text.prvSampleTimeNow
                0x00000000080057c8       0x40 ./Middlewares/Third_Party/FreeRTOS/Source/timers.o
 .text.prvInsertTimerInActiveList
                0x0000000008005808       0x84 ./Middlewares/Third_Party/FreeRTOS/Source/timers.o
 .text.prvProcessReceivedCommands
                0x000000000800588c      0x168 ./Middlewares/Third_Party/FreeRTOS/Source/timers.o
 .text.prvSwitchTimerLists
                0x00000000080059f4       0xc4 ./Middlewares/Third_Party/FreeRTOS/Source/timers.o
 .text.prvCheckForValidListAndQueue
                0x0000000008005ab8       0x80 ./Middlewares/Third_Party/FreeRTOS/Source/timers.o
 .text.pxPortInitialiseStack
                0x0000000008005b38       0x58 ./Middlewares/Third_Party/FreeRTOS/Source/portable/GCC/ARM_CM3/port.o
                0x0000000008005b38                pxPortInitialiseStack
 .text.prvTaskExitError
                0x0000000008005b90       0x58 ./Middlewares/Third_Party/FreeRTOS/Source/portable/GCC/ARM_CM3/port.o
 *fill*         0x0000000008005be8        0x8 
 .text.SVC_Handler
                0x0000000008005bf0       0x28 ./Middlewares/Third_Party/FreeRTOS/Source/portable/GCC/ARM_CM3/port.o
                0x0000000008005bf0                SVC_Handler
 .text.prvPortStartFirstTask
                0x0000000008005c18       0x20 ./Middlewares/Third_Party/FreeRTOS/Source/portable/GCC/ARM_CM3/port.o
 .text.xPortStartScheduler
                0x0000000008005c38       0xe4 ./Middlewares/Third_Party/FreeRTOS/Source/portable/GCC/ARM_CM3/port.o
                0x0000000008005c38                xPortStartScheduler
 .text.vPortEnterCritical
                0x0000000008005d1c       0x60 ./Middlewares/Third_Party/FreeRTOS/Source/portable/GCC/ARM_CM3/port.o
                0x0000000008005d1c                vPortEnterCritical
 .text.vPortExitCritical
                0x0000000008005d7c       0x50 ./Middlewares/Third_Party/FreeRTOS/Source/portable/GCC/ARM_CM3/port.o
                0x0000000008005d7c                vPortExitCritical
 *fill*         0x0000000008005dcc        0x4 
 .text.PendSV_Handler
                0x0000000008005dd0       0x48 ./Middlewares/Third_Party/FreeRTOS/Source/portable/GCC/ARM_CM3/port.o
                0x0000000008005dd0                PendSV_Handler
 .text.xPortSysTickHandler
                0x0000000008005e18       0x44 ./Middlewares/Third_Party/FreeRTOS/Source/portable/GCC/ARM_CM3/port.o
                0x0000000008005e18                xPortSysTickHandler
 .text.vPortSetupTimerInterrupt
                0x0000000008005e5c       0x44 ./Middlewares/Third_Party/FreeRTOS/Source/portable/GCC/ARM_CM3/port.o
                0x0000000008005e5c                vPortSetupTimerInterrupt
 .text.vPortValidateInterruptPriority
                0x0000000008005ea0       0x7c ./Middlewares/Third_Party/FreeRTOS/Source/portable/GCC/ARM_CM3/port.o
                0x0000000008005ea0                vPortValidateInterruptPriority
 .text.pvPortMalloc
                0x0000000008005f1c      0x188 ./Middlewares/Third_Party/FreeRTOS/Source/portable/MemMang/heap_4.o
                0x0000000008005f1c                pvPortMalloc
 .text.vPortFree
                0x00000000080060a4       0xb4 ./Middlewares/Third_Party/FreeRTOS/Source/portable/MemMang/heap_4.o
                0x00000000080060a4                vPortFree
 .text.prvHeapInit
                0x0000000008006158       0xc4 ./Middlewares/Third_Party/FreeRTOS/Source/portable/MemMang/heap_4.o
 .text.prvInsertBlockIntoFreeList
                0x000000000800621c       0xb0 ./Middlewares/Third_Party/FreeRTOS/Source/portable/MemMang/heap_4.o
 .text.__libc_init_array
                0x00000000080062cc       0x48 c:/st/stm32cubeide_1.10.1/stm32cubeide/plugins/com.st.stm32cube.ide.mcu.externaltools.gnu-tools-for-stm32.10.3-2021.10.win32_1.0.0.202111181127/tools/bin/../lib/gcc/arm-none-eabi/10.3.1/../../../../arm-none-eabi/lib/thumb/v7-m/nofp\libc_nano.a(lib_a-init.o)
                0x00000000080062cc                __libc_init_array
 .text.memcpy   0x0000000008006314       0x1c c:/st/stm32cubeide_1.10.1/stm32cubeide/plugins/com.st.stm32cube.ide.mcu.externaltools.gnu-tools-for-stm32.10.3-2021.10.win32_1.0.0.202111181127/tools/bin/../lib/gcc/arm-none-eabi/10.3.1/../../../../arm-none-eabi/lib/thumb/v7-m/nofp\libc_nano.a(lib_a-memcpy-stub.o)
                0x0000000008006314                memcpy
 .text.memset   0x0000000008006330       0x10 c:/st/stm32cubeide_1.10.1/stm32cubeide/plugins/com.st.stm32cube.ide.mcu.externaltools.gnu-tools-for-stm32.10.3-2021.10.win32_1.0.0.202111181127/tools/bin/../lib/gcc/arm-none-eabi/10.3.1/../../../../arm-none-eabi/lib/thumb/v7-m/nofp\libc_nano.a(lib_a-memset.o)
                0x0000000008006330                memset
 *(.glue_7)
 .glue_7        0x0000000008006340        0x0 linker stubs
 *(.glue_7t)
 .glue_7t       0x0000000008006340        0x0 linker stubs
 *(.eh_frame)
 .eh_frame      0x0000000008006340        0x0 c:/st/stm32cubeide_1.10.1/stm32cubeide/plugins/com.st.stm32cube.ide.mcu.externaltools.gnu-tools-for-stm32.10.3-2021.10.win32_1.0.0.202111181127/tools/bin/../lib/gcc/arm-none-eabi/10.3.1/thumb/v7-m/nofp/crtbegin.o
 *(.init)
 .init          0x0000000008006340        0x4 c:/st/stm32cubeide_1.10.1/stm32cubeide/plugins/com.st.stm32cube.ide.mcu.externaltools.gnu-tools-for-stm32.10.3-2021.10.win32_1.0.0.202111181127/tools/bin/../lib/gcc/arm-none-eabi/10.3.1/thumb/v7-m/nofp/crti.o
                0x0000000008006340                _init
 .init          0x0000000008006344        0x8 c:/st/stm32cubeide_1.10.1/stm32cubeide/plugins/com.st.stm32cube.ide.mcu.externaltools.gnu-tools-for-stm32.10.3-2021.10.win32_1.0.0.202111181127/tools/bin/../lib/gcc/arm-none-eabi/10.3.1/thumb/v7-m/nofp/crtn.o
 *(.fini)
 .fini          0x000000000800634c        0x4 c:/st/stm32cubeide_1.10.1/stm32cubeide/plugins/com.st.stm32cube.ide.mcu.externaltools.gnu-tools-for-stm32.10.3-2021.10.win32_1.0.0.202111181127/tools/bin/../lib/gcc/arm-none-eabi/10.3.1/thumb/v7-m/nofp/crti.o
                0x000000000800634c                _fini
 .fini          0x0000000008006350        0x8 c:/st/stm32cubeide_1.10.1/stm32cubeide/plugins/com.st.stm32cube.ide.mcu.externaltools.gnu-tools-for-stm32.10.3-2021.10.win32_1.0.0.202111181127/tools/bin/../lib/gcc/arm-none-eabi/10.3.1/thumb/v7-m/nofp/crtn.o
                0x0000000008006358                . = ALIGN (0x4)
                0x0000000008006358                _etext = .

.vfp11_veneer   0x0000000008006358        0x0
 .vfp11_veneer  0x0000000008006358        0x0 linker stubs

.v4_bx          0x0000000008006358        0x0
 .v4_bx         0x0000000008006358        0x0 linker stubs

.iplt           0x0000000008006358        0x0
 .iplt          0x0000000008006358        0x0 c:/st/stm32cubeide_1.10.1/stm32cubeide/plugins/com.st.stm32cube.ide.mcu.externaltools.gnu-tools-for-stm32.10.3-2021.10.win32_1.0.0.202111181127/tools/bin/../lib/gcc/arm-none-eabi/10.3.1/thumb/v7-m/nofp/crtbegin.o

.rodata         0x0000000008006358      0x1a4
                0x0000000008006358                . = ALIGN (0x4)
 *(.rodata)
 .rodata        0x0000000008006358       0x51 ./Core/Src/freertos.o
 *fill*         0x00000000080063a9        0x3 
 .rodata        0x00000000080063ac        0xe ./Core/Src/usart.o
 *fill*         0x00000000080063ba        0x2 
 .rodata        0x00000000080063bc        0x5 ./Middlewares/Third_Party/FreeRTOS/Source/tasks.o
 *fill*         0x00000000080063c1        0x3 
 .rodata        0x00000000080063c4        0xd ./Middlewares/Third_Party/FreeRTOS/Source/timers.o
 *(.rodata*)
 *fill*         0x00000000080063d1        0x3 
 .rodata.defaultTask_attributes
                0x00000000080063d4       0x24 ./Core/Src/freertos.o
                0x00000000080063d4                defaultTask_attributes
 .rodata.myTask02_attributes
                0x00000000080063f8       0x24 ./Core/Src/freertos.o
                0x00000000080063f8                myTask02_attributes
 .rodata.myTask03_attributes
                0x000000000800641c       0x24 ./Core/Src/freertos.o
                0x000000000800641c                myTask03_attributes
 .rodata.myTask04_attributes
                0x0000000008006440       0x24 ./Core/Src/freertos.o
                0x0000000008006440                myTask04_attributes
 .rodata.myTask05_attributes
                0x0000000008006464       0x24 ./Core/Src/freertos.o
                0x0000000008006464                myTask05_attributes
 .rodata.myTask06_attributes
                0x0000000008006488       0x24 ./Core/Src/freertos.o
                0x0000000008006488                myTask06_attributes
 .rodata.myTask07_attributes
                0x00000000080064ac       0x24 ./Core/Src/freertos.o
                0x00000000080064ac                myTask07_attributes
 .rodata.AHBPrescTable
                0x00000000080064d0       0x10 ./Core/Src/system_stm32f1xx.o
                0x00000000080064d0                AHBPrescTable
 .rodata.APBPrescTable
                0x00000000080064e0        0x8 ./Core/Src/system_stm32f1xx.o
                0x00000000080064e0                APBPrescTable
 .rodata.aPLLMULFactorTable.1
                0x00000000080064e8       0x10 ./Drivers/STM32F1xx_HAL_Driver/Src/stm32f1xx_hal_rcc.o
 .rodata.aPredivFactorTable.0
                0x00000000080064f8        0x2 ./Drivers/STM32F1xx_HAL_Driver/Src/stm32f1xx_hal_rcc.o
                0x00000000080064fc                . = ALIGN (0x4)
 *fill*         0x00000000080064fa        0x2 

.rel.dyn        0x00000000080064fc        0x0
 .rel.iplt      0x00000000080064fc        0x0 c:/st/stm32cubeide_1.10.1/stm32cubeide/plugins/com.st.stm32cube.ide.mcu.externaltools.gnu-tools-for-stm32.10.3-2021.10.win32_1.0.0.202111181127/tools/bin/../lib/gcc/arm-none-eabi/10.3.1/thumb/v7-m/nofp/crtbegin.o

.ARM.extab      0x00000000080064fc        0x0
                0x00000000080064fc                . = ALIGN (0x4)
 *(.ARM.extab* .gnu.linkonce.armextab.*)
                0x00000000080064fc                . = ALIGN (0x4)

.ARM            0x00000000080064fc        0x0
                0x00000000080064fc                . = ALIGN (0x4)
                0x00000000080064fc                __exidx_start = .
 *(.ARM.exidx*)
                0x00000000080064fc                __exidx_end = .
                0x00000000080064fc                . = ALIGN (0x4)

.preinit_array  0x00000000080064fc        0x0
                0x00000000080064fc                . = ALIGN (0x4)
                0x00000000080064fc                PROVIDE (__preinit_array_start = .)
 *(.preinit_array*)
                0x00000000080064fc                PROVIDE (__preinit_array_end = .)
                0x00000000080064fc                . = ALIGN (0x4)

.init_array     0x00000000080064fc        0x4
                0x00000000080064fc                . = ALIGN (0x4)
                0x00000000080064fc                PROVIDE (__init_array_start = .)
 *(SORT_BY_NAME(.init_array.*))
 *(.init_array*)
 .init_array    0x00000000080064fc        0x4 c:/st/stm32cubeide_1.10.1/stm32cubeide/plugins/com.st.stm32cube.ide.mcu.externaltools.gnu-tools-for-stm32.10.3-2021.10.win32_1.0.0.202111181127/tools/bin/../lib/gcc/arm-none-eabi/10.3.1/thumb/v7-m/nofp/crtbegin.o
                0x0000000008006500                PROVIDE (__init_array_end = .)
                0x0000000008006500                . = ALIGN (0x4)

.fini_array     0x0000000008006500        0x4
                0x0000000008006500                . = ALIGN (0x4)
                [!provide]                        PROVIDE (__fini_array_start = .)
 *(SORT_BY_NAME(.fini_array.*))
 *(.fini_array*)
 .fini_array    0x0000000008006500        0x4 c:/st/stm32cubeide_1.10.1/stm32cubeide/plugins/com.st.stm32cube.ide.mcu.externaltools.gnu-tools-for-stm32.10.3-2021.10.win32_1.0.0.202111181127/tools/bin/../lib/gcc/arm-none-eabi/10.3.1/thumb/v7-m/nofp/crtbegin.o
                [!provide]                        PROVIDE (__fini_array_end = .)
                0x0000000008006504                . = ALIGN (0x4)
                0x0000000008006504                _sidata = LOADADDR (.data)

.data           0x0000000020000000       0x10 load address 0x0000000008006504
                0x0000000020000000                . = ALIGN (0x4)
                0x0000000020000000                _sdata = .
 *(.data)
 *(.data*)
 .data.SystemCoreClock
                0x0000000020000000        0x4 ./Core/Src/system_stm32f1xx.o
                0x0000000020000000                SystemCoreClock
 .data.uwTickPrio
                0x0000000020000004        0x4 ./Drivers/STM32F1xx_HAL_Driver/Src/stm32f1xx_hal.o
                0x0000000020000004                uwTickPrio
 .data.uwTickFreq
                0x0000000020000008        0x1 ./Drivers/STM32F1xx_HAL_Driver/Src/stm32f1xx_hal.o
                0x0000000020000008                uwTickFreq
 *fill*         0x0000000020000009        0x3 
 .data.uxCriticalNesting
                0x000000002000000c        0x4 ./Middlewares/Third_Party/FreeRTOS/Source/portable/GCC/ARM_CM3/port.o
 *(.RamFunc)
 *(.RamFunc*)
                0x0000000020000010                . = ALIGN (0x4)
                0x0000000020000010                _edata = .

.igot.plt       0x0000000020000010        0x0 load address 0x0000000008006514
 .igot.plt      0x0000000020000010        0x0 c:/st/stm32cubeide_1.10.1/stm32cubeide/plugins/com.st.stm32cube.ide.mcu.externaltools.gnu-tools-for-stm32.10.3-2021.10.win32_1.0.0.202111181127/tools/bin/../lib/gcc/arm-none-eabi/10.3.1/thumb/v7-m/nofp/crtbegin.o
                0x0000000020000010                . = ALIGN (0x4)

.bss            0x0000000020000010     0x2a30 load address 0x0000000008006514
                0x0000000020000010                _sbss = .
                0x0000000020000010                __bss_start__ = _sbss
 *(.bss)
 .bss           0x0000000020000010       0x1c c:/st/stm32cubeide_1.10.1/stm32cubeide/plugins/com.st.stm32cube.ide.mcu.externaltools.gnu-tools-for-stm32.10.3-2021.10.win32_1.0.0.202111181127/tools/bin/../lib/gcc/arm-none-eabi/10.3.1/thumb/v7-m/nofp/crtbegin.o
 *(.bss*)
 .bss.defaultTaskHandle
                0x000000002000002c        0x4 ./Core/Src/freertos.o
                0x000000002000002c                defaultTaskHandle
 .bss.myTask02Handle
                0x0000000020000030        0x4 ./Core/Src/freertos.o
                0x0000000020000030                myTask02Handle
 .bss.myTask03Handle
                0x0000000020000034        0x4 ./Core/Src/freertos.o
                0x0000000020000034                myTask03Handle
 .bss.myTask04Handle
                0x0000000020000038        0x4 ./Core/Src/freertos.o
                0x0000000020000038                myTask04Handle
 .bss.myTask05Handle
                0x000000002000003c        0x4 ./Core/Src/freertos.o
                0x000000002000003c                myTask05Handle
 .bss.myTask06Handle
                0x0000000020000040        0x4 ./Core/Src/freertos.o
                0x0000000020000040                myTask06Handle
 .bss.myTask07Handle
                0x0000000020000044        0x4 ./Core/Src/freertos.o
                0x0000000020000044                myTask07Handle
 .bss.led1      0x0000000020000048        0x1 ./Core/Src/main.o
                0x0000000020000048                led1
 .bss.led2      0x0000000020000049        0x1 ./Core/Src/main.o
                0x0000000020000049                led2
 .bss.led3      0x000000002000004a        0x1 ./Core/Src/main.o
                0x000000002000004a                led3
 .bss.led4      0x000000002000004b        0x1 ./Core/Src/main.o
                0x000000002000004b                led4
 .bss.led5      0x000000002000004c        0x1 ./Core/Src/main.o
                0x000000002000004c                led5
 .bss.led6      0x000000002000004d        0x1 ./Core/Src/main.o
                0x000000002000004d                led6
 .bss.led7      0x000000002000004e        0x1 ./Core/Src/main.o
                0x000000002000004e                led7
 *fill*         0x000000002000004f        0x1 
 .bss.htim3     0x0000000020000050       0x48 ./Core/Src/tim.o
                0x0000000020000050                htim3
 .bss.uart1_rx_buf
                0x0000000020000098      0x400 ./Core/Src/usart.o
                0x0000000020000098                uart1_rx_buf
 .bss.uart1     0x0000000020000498       0x14 ./Core/Src/usart.o
                0x0000000020000498                uart1
 .bss.bRxBuffer
                0x00000000200004ac        0x1 ./Core/Src/usart.o
                0x00000000200004ac                bRxBuffer
 *fill*         0x00000000200004ad        0x3 
 .bss.huart1    0x00000000200004b0       0x48 ./Core/Src/usart.o
                0x00000000200004b0                huart1
 .bss.husart3   0x00000000200004f8       0x44 ./Core/Src/usart.o
                0x00000000200004f8                husart3
 .bss.uwTick    0x000000002000053c        0x4 ./Drivers/STM32F1xx_HAL_Driver/Src/stm32f1xx_hal.o
                0x000000002000053c                uwTick
 .bss.KernelState
                0x0000000020000540        0x4 ./Middlewares/Third_Party/FreeRTOS/Source/CMSIS_RTOS_V2/cmsis_os2.o
 .bss.Idle_TCB  0x0000000020000544       0x5c ./Middlewares/Third_Party/FreeRTOS/Source/CMSIS_RTOS_V2/cmsis_os2.o
 .bss.Idle_Stack
                0x00000000200005a0      0x200 ./Middlewares/Third_Party/FreeRTOS/Source/CMSIS_RTOS_V2/cmsis_os2.o
 .bss.Timer_TCB
                0x00000000200007a0       0x5c ./Middlewares/Third_Party/FreeRTOS/Source/CMSIS_RTOS_V2/cmsis_os2.o
 .bss.Timer_Stack
                0x00000000200007fc      0x400 ./Middlewares/Third_Party/FreeRTOS/Source/CMSIS_RTOS_V2/cmsis_os2.o
 .bss.xQueueRegistry
                0x0000000020000bfc       0x40 ./Middlewares/Third_Party/FreeRTOS/Source/queue.o
                0x0000000020000bfc                xQueueRegistry
 .bss.pxCurrentTCB
                0x0000000020000c3c        0x4 ./Middlewares/Third_Party/FreeRTOS/Source/tasks.o
                0x0000000020000c3c                pxCurrentTCB
 .bss.pxReadyTasksLists
                0x0000000020000c40      0x460 ./Middlewares/Third_Party/FreeRTOS/Source/tasks.o
 .bss.xDelayedTaskList1
                0x00000000200010a0       0x14 ./Middlewares/Third_Party/FreeRTOS/Source/tasks.o
 .bss.xDelayedTaskList2
                0x00000000200010b4       0x14 ./Middlewares/Third_Party/FreeRTOS/Source/tasks.o
 .bss.pxDelayedTaskList
                0x00000000200010c8        0x4 ./Middlewares/Third_Party/FreeRTOS/Source/tasks.o
 .bss.pxOverflowDelayedTaskList
                0x00000000200010cc        0x4 ./Middlewares/Third_Party/FreeRTOS/Source/tasks.o
 .bss.xPendingReadyList
                0x00000000200010d0       0x14 ./Middlewares/Third_Party/FreeRTOS/Source/tasks.o
 .bss.xTasksWaitingTermination
                0x00000000200010e4       0x14 ./Middlewares/Third_Party/FreeRTOS/Source/tasks.o
 .bss.uxDeletedTasksWaitingCleanUp
                0x00000000200010f8        0x4 ./Middlewares/Third_Party/FreeRTOS/Source/tasks.o
 .bss.xSuspendedTaskList
                0x00000000200010fc       0x14 ./Middlewares/Third_Party/FreeRTOS/Source/tasks.o
 .bss.uxCurrentNumberOfTasks
                0x0000000020001110        0x4 ./Middlewares/Third_Party/FreeRTOS/Source/tasks.o
 .bss.xTickCount
                0x0000000020001114        0x4 ./Middlewares/Third_Party/FreeRTOS/Source/tasks.o
 .bss.uxTopReadyPriority
                0x0000000020001118        0x4 ./Middlewares/Third_Party/FreeRTOS/Source/tasks.o
 .bss.xSchedulerRunning
                0x000000002000111c        0x4 ./Middlewares/Third_Party/FreeRTOS/Source/tasks.o
 .bss.uxPendedTicks
                0x0000000020001120        0x4 ./Middlewares/Third_Party/FreeRTOS/Source/tasks.o
 .bss.xYieldPending
                0x0000000020001124        0x4 ./Middlewares/Third_Party/FreeRTOS/Source/tasks.o
 .bss.xNumOfOverflows
                0x0000000020001128        0x4 ./Middlewares/Third_Party/FreeRTOS/Source/tasks.o
 .bss.uxTaskNumber
                0x000000002000112c        0x4 ./Middlewares/Third_Party/FreeRTOS/Source/tasks.o
 .bss.xNextTaskUnblockTime
                0x0000000020001130        0x4 ./Middlewares/Third_Party/FreeRTOS/Source/tasks.o
 .bss.xIdleTaskHandle
                0x0000000020001134        0x4 ./Middlewares/Third_Party/FreeRTOS/Source/tasks.o
 .bss.uxSchedulerSuspended
                0x0000000020001138        0x4 ./Middlewares/Third_Party/FreeRTOS/Source/tasks.o
 .bss.xActiveTimerList1
                0x000000002000113c       0x14 ./Middlewares/Third_Party/FreeRTOS/Source/timers.o
 .bss.xActiveTimerList2
                0x0000000020001150       0x14 ./Middlewares/Third_Party/FreeRTOS/Source/timers.o
 .bss.pxCurrentTimerList
                0x0000000020001164        0x4 ./Middlewares/Third_Party/FreeRTOS/Source/timers.o
 .bss.pxOverflowTimerList
                0x0000000020001168        0x4 ./Middlewares/Third_Party/FreeRTOS/Source/timers.o
 .bss.xTimerQueue
                0x000000002000116c        0x4 ./Middlewares/Third_Party/FreeRTOS/Source/timers.o
 .bss.xTimerTaskHandle
                0x0000000020001170        0x4 ./Middlewares/Third_Party/FreeRTOS/Source/timers.o
 .bss.xLastTime.2
                0x0000000020001174        0x4 ./Middlewares/Third_Party/FreeRTOS/Source/timers.o
 .bss.ucStaticTimerQueueStorage.1
                0x0000000020001178       0xa0 ./Middlewares/Third_Party/FreeRTOS/Source/timers.o
 .bss.xStaticTimerQueue.0
                0x0000000020001218       0x50 ./Middlewares/Third_Party/FreeRTOS/Source/timers.o
 .bss.ucMaxSysCallPriority
                0x0000000020001268        0x1 ./Middlewares/Third_Party/FreeRTOS/Source/portable/GCC/ARM_CM3/port.o
 *fill*         0x0000000020001269        0x3 
 .bss.ulMaxPRIGROUPValue
                0x000000002000126c        0x4 ./Middlewares/Third_Party/FreeRTOS/Source/portable/GCC/ARM_CM3/port.o
 .bss.ucHeap    0x0000000020001270     0x17b8 ./Middlewares/Third_Party/FreeRTOS/Source/portable/MemMang/heap_4.o
 .bss.xStart    0x0000000020002a28        0x8 ./Middlewares/Third_Party/FreeRTOS/Source/portable/MemMang/heap_4.o
 .bss.pxEnd     0x0000000020002a30        0x4 ./Middlewares/Third_Party/FreeRTOS/Source/portable/MemMang/heap_4.o
 .bss.xFreeBytesRemaining
                0x0000000020002a34        0x4 ./Middlewares/Third_Party/FreeRTOS/Source/portable/MemMang/heap_4.o
 .bss.xMinimumEverFreeBytesRemaining
                0x0000000020002a38        0x4 ./Middlewares/Third_Party/FreeRTOS/Source/portable/MemMang/heap_4.o
 .bss.xBlockAllocatedBit
                0x0000000020002a3c        0x4 ./Middlewares/Third_Party/FreeRTOS/Source/portable/MemMang/heap_4.o
 *(COMMON)
                0x0000000020002a40                . = ALIGN (0x4)
                0x0000000020002a40                _ebss = .
                0x0000000020002a40                __bss_end__ = _ebss

._user_heap_stack
                0x0000000020002a40      0x600 load address 0x0000000008006514
                0x0000000020002a40                . = ALIGN (0x8)
                [!provide]                        PROVIDE (end = .)
                0x0000000020002a40                PROVIDE (_end = .)
                0x0000000020002c40                . = (. + _Min_Heap_Size)
 *fill*         0x0000000020002a40      0x200 
                0x0000000020003040                . = (. + _Min_Stack_Size)
 *fill*         0x0000000020002c40      0x400 
                0x0000000020003040                . = ALIGN (0x8)

/DISCARD/
 libc.a(*)
 libm.a(*)
 libgcc.a(*)

.ARM.attributes
                0x0000000000000000       0x29
 *(.ARM.attributes)
 .ARM.attributes
                0x0000000000000000       0x1d c:/st/stm32cubeide_1.10.1/stm32cubeide/plugins/com.st.stm32cube.ide.mcu.externaltools.gnu-tools-for-stm32.10.3-2021.10.win32_1.0.0.202111181127/tools/bin/../lib/gcc/arm-none-eabi/10.3.1/thumb/v7-m/nofp/crti.o
 .ARM.attributes
                0x000000000000001d       0x2d c:/st/stm32cubeide_1.10.1/stm32cubeide/plugins/com.st.stm32cube.ide.mcu.externaltools.gnu-tools-for-stm32.10.3-2021.10.win32_1.0.0.202111181127/tools/bin/../lib/gcc/arm-none-eabi/10.3.1/thumb/v7-m/nofp/crtbegin.o
 .ARM.attributes
                0x000000000000004a       0x2d ./Core/Src/freertos.o
 .ARM.attributes
                0x0000000000000077       0x2d ./Core/Src/gpio.o
 .ARM.attributes
                0x00000000000000a4       0x2d ./Core/Src/main.o
 .ARM.attributes
                0x00000000000000d1       0x2d ./Core/Src/stm32f1xx_hal_msp.o
 .ARM.attributes
                0x00000000000000fe       0x2d ./Core/Src/stm32f1xx_it.o
 .ARM.attributes
                0x000000000000012b       0x2d ./Core/Src/system_stm32f1xx.o
 .ARM.attributes
                0x0000000000000158       0x2d ./Core/Src/tim.o
 .ARM.attributes
                0x0000000000000185       0x2d ./Core/Src/usart.o
 .ARM.attributes
                0x00000000000001b2       0x21 ./Core/Startup/startup_stm32f103r8tx.o
 .ARM.attributes
                0x00000000000001d3       0x2d ./Drivers/STM32F1xx_HAL_Driver/Src/stm32f1xx_hal.o
 .ARM.attributes
                0x0000000000000200       0x2d ./Drivers/STM32F1xx_HAL_Driver/Src/stm32f1xx_hal_cortex.o
 .ARM.attributes
                0x000000000000022d       0x2d ./Drivers/STM32F1xx_HAL_Driver/Src/stm32f1xx_hal_dma.o
 .ARM.attributes
                0x000000000000025a       0x2d ./Drivers/STM32F1xx_HAL_Driver/Src/stm32f1xx_hal_gpio.o
 .ARM.attributes
                0x0000000000000287       0x2d ./Drivers/STM32F1xx_HAL_Driver/Src/stm32f1xx_hal_rcc.o
 .ARM.attributes
                0x00000000000002b4       0x2d ./Drivers/STM32F1xx_HAL_Driver/Src/stm32f1xx_hal_tim.o
 .ARM.attributes
                0x00000000000002e1       0x2d ./Drivers/STM32F1xx_HAL_Driver/Src/stm32f1xx_hal_tim_ex.o
 .ARM.attributes
                0x000000000000030e       0x2d ./Drivers/STM32F1xx_HAL_Driver/Src/stm32f1xx_hal_uart.o
 .ARM.attributes
                0x000000000000033b       0x2d ./Drivers/STM32F1xx_HAL_Driver/Src/stm32f1xx_hal_usart.o
 .ARM.attributes
                0x0000000000000368       0x2d ./Middlewares/Third_Party/FreeRTOS/Source/CMSIS_RTOS_V2/cmsis_os2.o
 .ARM.attributes
                0x0000000000000395       0x2d ./Middlewares/Third_Party/FreeRTOS/Source/list.o
 .ARM.attributes
                0x00000000000003c2       0x2d ./Middlewares/Third_Party/FreeRTOS/Source/queue.o
 .ARM.attributes
                0x00000000000003ef       0x2d ./Middlewares/Third_Party/FreeRTOS/Source/tasks.o
 .ARM.attributes
                0x000000000000041c       0x2d ./Middlewares/Third_Party/FreeRTOS/Source/timers.o
 .ARM.attributes
                0x0000000000000449       0x2d ./Middlewares/Third_Party/FreeRTOS/Source/portable/GCC/ARM_CM3/port.o
 .ARM.attributes
                0x0000000000000476       0x2d ./Middlewares/Third_Party/FreeRTOS/Source/portable/MemMang/heap_4.o
 .ARM.attributes
                0x00000000000004a3       0x2d c:/st/stm32cubeide_1.10.1/stm32cubeide/plugins/com.st.stm32cube.ide.mcu.externaltools.gnu-tools-for-stm32.10.3-2021.10.win32_1.0.0.202111181127/tools/bin/../lib/gcc/arm-none-eabi/10.3.1/../../../../arm-none-eabi/lib/thumb/v7-m/nofp\libc_nano.a(lib_a-init.o)
 .ARM.attributes
                0x00000000000004d0       0x2d c:/st/stm32cubeide_1.10.1/stm32cubeide/plugins/com.st.stm32cube.ide.mcu.externaltools.gnu-tools-for-stm32.10.3-2021.10.win32_1.0.0.202111181127/tools/bin/../lib/gcc/arm-none-eabi/10.3.1/../../../../arm-none-eabi/lib/thumb/v7-m/nofp\libc_nano.a(lib_a-memcpy-stub.o)
 .ARM.attributes
                0x00000000000004fd       0x2d c:/st/stm32cubeide_1.10.1/stm32cubeide/plugins/com.st.stm32cube.ide.mcu.externaltools.gnu-tools-for-stm32.10.3-2021.10.win32_1.0.0.202111181127/tools/bin/../lib/gcc/arm-none-eabi/10.3.1/../../../../arm-none-eabi/lib/thumb/v7-m/nofp\libc_nano.a(lib_a-memset.o)
 .ARM.attributes
                0x000000000000052a       0x1d c:/st/stm32cubeide_1.10.1/stm32cubeide/plugins/com.st.stm32cube.ide.mcu.externaltools.gnu-tools-for-stm32.10.3-2021.10.win32_1.0.0.202111181127/tools/bin/../lib/gcc/arm-none-eabi/10.3.1/thumb/v7-m/nofp/crtn.o
OUTPUT(twocolorR8t6.elf elf32-littlearm)
LOAD linker stubs
LOAD c:/st/stm32cubeide_1.10.1/stm32cubeide/plugins/com.st.stm32cube.ide.mcu.externaltools.gnu-tools-for-stm32.10.3-2021.10.win32_1.0.0.202111181127/tools/bin/../lib/gcc/arm-none-eabi/10.3.1/../../../../arm-none-eabi/lib/thumb/v7-m/nofp\libc.a
LOAD c:/st/stm32cubeide_1.10.1/stm32cubeide/plugins/com.st.stm32cube.ide.mcu.externaltools.gnu-tools-for-stm32.10.3-2021.10.win32_1.0.0.202111181127/tools/bin/../lib/gcc/arm-none-eabi/10.3.1/../../../../arm-none-eabi/lib/thumb/v7-m/nofp\libm.a
LOAD c:/st/stm32cubeide_1.10.1/stm32cubeide/plugins/com.st.stm32cube.ide.mcu.externaltools.gnu-tools-for-stm32.10.3-2021.10.win32_1.0.0.202111181127/tools/bin/../lib/gcc/arm-none-eabi/10.3.1/thumb/v7-m/nofp\libgcc.a

.debug_info     0x0000000000000000    0x18e26
 .debug_info    0x0000000000000000      0x670 ./Core/Src/freertos.o
 .debug_info    0x0000000000000670      0x70a ./Core/Src/gpio.o
 .debug_info    0x0000000000000d7a      0xb3e ./Core/Src/main.o
 .debug_info    0x00000000000018b8      0x380 ./Core/Src/stm32f1xx_hal_msp.o
 .debug_info    0x0000000000001c38      0xa3c ./Core/Src/stm32f1xx_it.o
 .debug_info    0x0000000000002674      0x23d ./Core/Src/system_stm32f1xx.o
 .debug_info    0x00000000000028b1      0xc2d ./Core/Src/tim.o
 .debug_info    0x00000000000034de     0x120d ./Core/Src/usart.o
 .debug_info    0x00000000000046eb       0x22 ./Core/Startup/startup_stm32f103r8tx.o
 .debug_info    0x000000000000470d      0x734 ./Drivers/STM32F1xx_HAL_Driver/Src/stm32f1xx_hal.o
 .debug_info    0x0000000000004e41      0xb20 ./Drivers/STM32F1xx_HAL_Driver/Src/stm32f1xx_hal_cortex.o
 .debug_info    0x0000000000005961      0x744 ./Drivers/STM32F1xx_HAL_Driver/Src/stm32f1xx_hal_dma.o
 .debug_info    0x00000000000060a5      0x615 ./Drivers/STM32F1xx_HAL_Driver/Src/stm32f1xx_hal_gpio.o
 .debug_info    0x00000000000066ba      0x865 ./Drivers/STM32F1xx_HAL_Driver/Src/stm32f1xx_hal_rcc.o
 .debug_info    0x0000000000006f1f     0x2bab ./Drivers/STM32F1xx_HAL_Driver/Src/stm32f1xx_hal_tim.o
 .debug_info    0x0000000000009aca     0x15c7 ./Drivers/STM32F1xx_HAL_Driver/Src/stm32f1xx_hal_tim_ex.o
 .debug_info    0x000000000000b091     0x31b2 ./Drivers/STM32F1xx_HAL_Driver/Src/stm32f1xx_hal_uart.o
 .debug_info    0x000000000000e243     0x11b2 ./Drivers/STM32F1xx_HAL_Driver/Src/stm32f1xx_hal_usart.o
 .debug_info    0x000000000000f3f5     0x3bef ./Middlewares/Third_Party/FreeRTOS/Source/CMSIS_RTOS_V2/cmsis_os2.o
 .debug_info    0x0000000000012fe4      0x2cb ./Middlewares/Third_Party/FreeRTOS/Source/list.o
 .debug_info    0x00000000000132af     0x1bf9 ./Middlewares/Third_Party/FreeRTOS/Source/queue.o
 .debug_info    0x0000000000014ea8     0x224a ./Middlewares/Third_Party/FreeRTOS/Source/tasks.o
 .debug_info    0x00000000000170f2     0x1495 ./Middlewares/Third_Party/FreeRTOS/Source/timers.o
 .debug_info    0x0000000000018587      0x4b7 ./Middlewares/Third_Party/FreeRTOS/Source/portable/GCC/ARM_CM3/port.o
 .debug_info    0x0000000000018a3e      0x3e8 ./Middlewares/Third_Party/FreeRTOS/Source/portable/MemMang/heap_4.o

.debug_abbrev   0x0000000000000000     0x3802
 .debug_abbrev  0x0000000000000000      0x18f ./Core/Src/freertos.o
 .debug_abbrev  0x000000000000018f      0x1ca ./Core/Src/gpio.o
 .debug_abbrev  0x0000000000000359      0x2bc ./Core/Src/main.o
 .debug_abbrev  0x0000000000000615      0x115 ./Core/Src/stm32f1xx_hal_msp.o
 .debug_abbrev  0x000000000000072a      0x1e2 ./Core/Src/stm32f1xx_it.o
 .debug_abbrev  0x000000000000090c      0x13b ./Core/Src/system_stm32f1xx.o
 .debug_abbrev  0x0000000000000a47      0x232 ./Core/Src/tim.o
 .debug_abbrev  0x0000000000000c79      0x24b ./Core/Src/usart.o
 .debug_abbrev  0x0000000000000ec4       0x12 ./Core/Startup/startup_stm32f103r8tx.o
 .debug_abbrev  0x0000000000000ed6      0x1fb ./Drivers/STM32F1xx_HAL_Driver/Src/stm32f1xx_hal.o
 .debug_abbrev  0x00000000000010d1      0x2ed ./Drivers/STM32F1xx_HAL_Driver/Src/stm32f1xx_hal_cortex.o
 .debug_abbrev  0x00000000000013be      0x1fe ./Drivers/STM32F1xx_HAL_Driver/Src/stm32f1xx_hal_dma.o
 .debug_abbrev  0x00000000000015bc      0x1bb ./Drivers/STM32F1xx_HAL_Driver/Src/stm32f1xx_hal_gpio.o
 .debug_abbrev  0x0000000000001777      0x2a8 ./Drivers/STM32F1xx_HAL_Driver/Src/stm32f1xx_hal_rcc.o
 .debug_abbrev  0x0000000000001a1f      0x264 ./Drivers/STM32F1xx_HAL_Driver/Src/stm32f1xx_hal_tim.o
 .debug_abbrev  0x0000000000001c83      0x26c ./Drivers/STM32F1xx_HAL_Driver/Src/stm32f1xx_hal_tim_ex.o
 .debug_abbrev  0x0000000000001eef      0x2df ./Drivers/STM32F1xx_HAL_Driver/Src/stm32f1xx_hal_uart.o
 .debug_abbrev  0x00000000000021ce      0x264 ./Drivers/STM32F1xx_HAL_Driver/Src/stm32f1xx_hal_usart.o
 .debug_abbrev  0x0000000000002432      0x414 ./Middlewares/Third_Party/FreeRTOS/Source/CMSIS_RTOS_V2/cmsis_os2.o
 .debug_abbrev  0x0000000000002846       0xf2 ./Middlewares/Third_Party/FreeRTOS/Source/list.o
 .debug_abbrev  0x0000000000002938      0x3ba ./Middlewares/Third_Party/FreeRTOS/Source/queue.o
 .debug_abbrev  0x0000000000002cf2      0x37d ./Middlewares/Third_Party/FreeRTOS/Source/tasks.o
 .debug_abbrev  0x000000000000306f      0x33d ./Middlewares/Third_Party/FreeRTOS/Source/timers.o
 .debug_abbrev  0x00000000000033ac      0x257 ./Middlewares/Third_Party/FreeRTOS/Source/portable/GCC/ARM_CM3/port.o
 .debug_abbrev  0x0000000000003603      0x1ff ./Middlewares/Third_Party/FreeRTOS/Source/portable/MemMang/heap_4.o

.debug_aranges  0x0000000000000000     0x1698
 .debug_aranges
                0x0000000000000000       0x58 ./Core/Src/freertos.o
 .debug_aranges
                0x0000000000000058      0x110 ./Core/Src/gpio.o
 .debug_aranges
                0x0000000000000168       0x38 ./Core/Src/main.o
 .debug_aranges
                0x00000000000001a0       0x20 ./Core/Src/stm32f1xx_hal_msp.o
 .debug_aranges
                0x00000000000001c0       0x90 ./Core/Src/stm32f1xx_it.o
 .debug_aranges
                0x0000000000000250       0x28 ./Core/Src/system_stm32f1xx.o
 .debug_aranges
                0x0000000000000278       0x40 ./Core/Src/tim.o
 .debug_aranges
                0x00000000000002b8       0x58 ./Core/Src/usart.o
 .debug_aranges
                0x0000000000000310       0x28 ./Core/Startup/startup_stm32f103r8tx.o
 .debug_aranges
                0x0000000000000338       0xe0 ./Drivers/STM32F1xx_HAL_Driver/Src/stm32f1xx_hal.o
 .debug_aranges
                0x0000000000000418      0x100 ./Drivers/STM32F1xx_HAL_Driver/Src/stm32f1xx_hal_cortex.o
 .debug_aranges
                0x0000000000000518       0x80 ./Drivers/STM32F1xx_HAL_Driver/Src/stm32f1xx_hal_dma.o
 .debug_aranges
                0x0000000000000598       0x58 ./Drivers/STM32F1xx_HAL_Driver/Src/stm32f1xx_hal_gpio.o
 .debug_aranges
                0x00000000000005f0       0x90 ./Drivers/STM32F1xx_HAL_Driver/Src/stm32f1xx_hal_rcc.o
 .debug_aranges
                0x0000000000000680      0x3d0 ./Drivers/STM32F1xx_HAL_Driver/Src/stm32f1xx_hal_tim.o
 .debug_aranges
                0x0000000000000a50      0x168 ./Drivers/STM32F1xx_HAL_Driver/Src/stm32f1xx_hal_tim_ex.o
 .debug_aranges
                0x0000000000000bb8      0x208 ./Drivers/STM32F1xx_HAL_Driver/Src/stm32f1xx_hal_uart.o
 .debug_aranges
                0x0000000000000dc0      0x178 ./Drivers/STM32F1xx_HAL_Driver/Src/stm32f1xx_hal_usart.o
 .debug_aranges
                0x0000000000000f38      0x228 ./Middlewares/Third_Party/FreeRTOS/Source/CMSIS_RTOS_V2/cmsis_os2.o
 .debug_aranges
                0x0000000000001160       0x40 ./Middlewares/Third_Party/FreeRTOS/Source/list.o
 .debug_aranges
                0x00000000000011a0      0x158 ./Middlewares/Third_Party/FreeRTOS/Source/queue.o
 .debug_aranges
                0x00000000000012f8      0x1f8 ./Middlewares/Third_Party/FreeRTOS/Source/tasks.o
 .debug_aranges
                0x00000000000014f0       0xe0 ./Middlewares/Third_Party/FreeRTOS/Source/timers.o
 .debug_aranges
                0x00000000000015d0       0x78 ./Middlewares/Third_Party/FreeRTOS/Source/portable/GCC/ARM_CM3/port.o
 .debug_aranges
                0x0000000000001648       0x50 ./Middlewares/Third_Party/FreeRTOS/Source/portable/MemMang/heap_4.o

.debug_ranges   0x0000000000000000     0x1540
 .debug_ranges  0x0000000000000000       0x48 ./Core/Src/freertos.o
 .debug_ranges  0x0000000000000048      0x100 ./Core/Src/gpio.o
 .debug_ranges  0x0000000000000148       0x28 ./Core/Src/main.o
 .debug_ranges  0x0000000000000170       0x10 ./Core/Src/stm32f1xx_hal_msp.o
 .debug_ranges  0x0000000000000180       0x80 ./Core/Src/stm32f1xx_it.o
 .debug_ranges  0x0000000000000200       0x18 ./Core/Src/system_stm32f1xx.o
 .debug_ranges  0x0000000000000218       0x30 ./Core/Src/tim.o
 .debug_ranges  0x0000000000000248       0x48 ./Core/Src/usart.o
 .debug_ranges  0x0000000000000290       0x20 ./Core/Startup/startup_stm32f103r8tx.o
 .debug_ranges  0x00000000000002b0       0xd0 ./Drivers/STM32F1xx_HAL_Driver/Src/stm32f1xx_hal.o
 .debug_ranges  0x0000000000000380       0xf0 ./Drivers/STM32F1xx_HAL_Driver/Src/stm32f1xx_hal_cortex.o
 .debug_ranges  0x0000000000000470       0x70 ./Drivers/STM32F1xx_HAL_Driver/Src/stm32f1xx_hal_dma.o
 .debug_ranges  0x00000000000004e0       0x48 ./Drivers/STM32F1xx_HAL_Driver/Src/stm32f1xx_hal_gpio.o
 .debug_ranges  0x0000000000000528       0x80 ./Drivers/STM32F1xx_HAL_Driver/Src/stm32f1xx_hal_rcc.o
 .debug_ranges  0x00000000000005a8      0x3c0 ./Drivers/STM32F1xx_HAL_Driver/Src/stm32f1xx_hal_tim.o
 .debug_ranges  0x0000000000000968      0x158 ./Drivers/STM32F1xx_HAL_Driver/Src/stm32f1xx_hal_tim_ex.o
 .debug_ranges  0x0000000000000ac0      0x228 ./Drivers/STM32F1xx_HAL_Driver/Src/stm32f1xx_hal_uart.o
 .debug_ranges  0x0000000000000ce8      0x168 ./Drivers/STM32F1xx_HAL_Driver/Src/stm32f1xx_hal_usart.o
 .debug_ranges  0x0000000000000e50      0x218 ./Middlewares/Third_Party/FreeRTOS/Source/CMSIS_RTOS_V2/cmsis_os2.o
 .debug_ranges  0x0000000000001068       0x30 ./Middlewares/Third_Party/FreeRTOS/Source/list.o
 .debug_ranges  0x0000000000001098      0x148 ./Middlewares/Third_Party/FreeRTOS/Source/queue.o
 .debug_ranges  0x00000000000011e0      0x1e8 ./Middlewares/Third_Party/FreeRTOS/Source/tasks.o
 .debug_ranges  0x00000000000013c8       0xd0 ./Middlewares/Third_Party/FreeRTOS/Source/timers.o
 .debug_ranges  0x0000000000001498       0x68 ./Middlewares/Third_Party/FreeRTOS/Source/portable/GCC/ARM_CM3/port.o
 .debug_ranges  0x0000000000001500       0x40 ./Middlewares/Third_Party/FreeRTOS/Source/portable/MemMang/heap_4.o

.debug_macro    0x0000000000000000    0x1970d
 .debug_macro   0x0000000000000000      0x254 ./Core/Src/freertos.o
 .debug_macro   0x0000000000000254      0xa6c ./Core/Src/freertos.o
 .debug_macro   0x0000000000000cc0      0x174 ./Core/Src/freertos.o
 .debug_macro   0x0000000000000e34       0x22 ./Core/Src/freertos.o
 .debug_macro   0x0000000000000e56       0x8e ./Core/Src/freertos.o
 .debug_macro   0x0000000000000ee4       0x51 ./Core/Src/freertos.o
 .debug_macro   0x0000000000000f35      0x103 ./Core/Src/freertos.o
 .debug_macro   0x0000000000001038       0x6a ./Core/Src/freertos.o
 .debug_macro   0x00000000000010a2      0x1df ./Core/Src/freertos.o
 .debug_macro   0x0000000000001281      0x11c ./Core/Src/freertos.o
 .debug_macro   0x000000000000139d      0x15a ./Core/Src/freertos.o
 .debug_macro   0x00000000000014f7       0xc2 ./Core/Src/freertos.o
 .debug_macro   0x00000000000015b9       0x10 ./Core/Src/freertos.o
 .debug_macro   0x00000000000015c9       0x1f ./Core/Src/freertos.o
 .debug_macro   0x00000000000015e8      0x47f ./Core/Src/freertos.o
 .debug_macro   0x0000000000001a67       0xb5 ./Core/Src/freertos.o
 .debug_macro   0x0000000000001b1c       0x8c ./Core/Src/freertos.o
 .debug_macro   0x0000000000001ba8      0x221 ./Core/Src/freertos.o
 .debug_macro   0x0000000000001dc9       0x2e ./Core/Src/freertos.o
 .debug_macro   0x0000000000001df7       0x22 ./Core/Src/freertos.o
 .debug_macro   0x0000000000001e19       0x1c ./Core/Src/freertos.o
 .debug_macro   0x0000000000001e35       0x22 ./Core/Src/freertos.o
 .debug_macro   0x0000000000001e57       0xbd ./Core/Src/freertos.o
 .debug_macro   0x0000000000001f14      0xd23 ./Core/Src/freertos.o
 .debug_macro   0x0000000000002c37     0xe09e ./Core/Src/freertos.o
 .debug_macro   0x0000000000010cd5       0x6d ./Core/Src/freertos.o
 .debug_macro   0x0000000000010d42     0x348d ./Core/Src/freertos.o
 .debug_macro   0x00000000000141cf       0x5c ./Core/Src/freertos.o
 .debug_macro   0x000000000001422b      0x5bc ./Core/Src/freertos.o
 .debug_macro   0x00000000000147e7      0x289 ./Core/Src/freertos.o
 .debug_macro   0x0000000000014a70      0x1cb ./Core/Src/freertos.o
 .debug_macro   0x0000000000014c3b      0x114 ./Core/Src/freertos.o
 .debug_macro   0x0000000000014d4f      0x1b2 ./Core/Src/freertos.o
 .debug_macro   0x0000000000014f01       0x27 ./Core/Src/freertos.o
 .debug_macro   0x0000000000014f28      0x136 ./Core/Src/freertos.o
 .debug_macro   0x000000000001505e      0x1bc ./Core/Src/freertos.o
 .debug_macro   0x000000000001521a       0x34 ./Core/Src/freertos.o
 .debug_macro   0x000000000001524e       0x3c ./Core/Src/freertos.o
 .debug_macro   0x000000000001528a       0x57 ./Core/Src/freertos.o
 .debug_macro   0x00000000000152e1       0x87 ./Core/Src/freertos.o
 .debug_macro   0x0000000000015368      0x240 ./Core/Src/freertos.o
 .debug_macro   0x00000000000155a8      0x140 ./Core/Src/freertos.o
 .debug_macro   0x00000000000156e8      0x8ed ./Core/Src/freertos.o
 .debug_macro   0x0000000000015fd5      0x28e ./Core/Src/freertos.o
 .debug_macro   0x0000000000016263      0x217 ./Core/Src/freertos.o
 .debug_macro   0x000000000001647a       0x83 ./Core/Src/freertos.o
 .debug_macro   0x00000000000164fd       0x82 ./Core/Src/freertos.o
 .debug_macro   0x000000000001657f       0x5b ./Core/Src/freertos.o
 .debug_macro   0x00000000000165da       0x74 ./Core/Src/freertos.o
 .debug_macro   0x000000000001664e       0xdd ./Core/Src/freertos.o
 .debug_macro   0x000000000001672b      0x1c6 ./Core/Src/gpio.o
 .debug_macro   0x00000000000168f1      0x254 ./Core/Src/main.o
 .debug_macro   0x0000000000016b45      0x11c ./Core/Src/main.o
 .debug_macro   0x0000000000016c61       0x2e ./Core/Src/main.o
 .debug_macro   0x0000000000016c8f      0x1bc ./Core/Src/stm32f1xx_hal_msp.o
 .debug_macro   0x0000000000016e4b      0x22e ./Core/Src/stm32f1xx_it.o
 .debug_macro   0x0000000000017079      0x1ad ./Core/Src/system_stm32f1xx.o
 .debug_macro   0x0000000000017226      0x1d9 ./Core/Src/tim.o
 .debug_macro   0x00000000000173ff      0x2a7 ./Core/Src/usart.o
 .debug_macro   0x00000000000176a6       0x28 ./Core/Src/usart.o
 .debug_macro   0x00000000000176ce       0x52 ./Core/Src/usart.o
 .debug_macro   0x0000000000017720       0x10 ./Core/Src/usart.o
 .debug_macro   0x0000000000017730       0x20 ./Core/Src/usart.o
 .debug_macro   0x0000000000017750      0x1d1 ./Drivers/STM32F1xx_HAL_Driver/Src/stm32f1xx_hal.o
 .debug_macro   0x0000000000017921      0x1ad ./Drivers/STM32F1xx_HAL_Driver/Src/stm32f1xx_hal_cortex.o
 .debug_macro   0x0000000000017ace      0x1ad ./Drivers/STM32F1xx_HAL_Driver/Src/stm32f1xx_hal_dma.o
 .debug_macro   0x0000000000017c7b      0x218 ./Drivers/STM32F1xx_HAL_Driver/Src/stm32f1xx_hal_gpio.o
 .debug_macro   0x0000000000017e93      0x1bf ./Drivers/STM32F1xx_HAL_Driver/Src/stm32f1xx_hal_rcc.o
 .debug_macro   0x0000000000018052      0x1ae ./Drivers/STM32F1xx_HAL_Driver/Src/stm32f1xx_hal_tim.o
 .debug_macro   0x0000000000018200      0x1ad ./Drivers/STM32F1xx_HAL_Driver/Src/stm32f1xx_hal_tim_ex.o
 .debug_macro   0x00000000000183ad      0x1ae ./Drivers/STM32F1xx_HAL_Driver/Src/stm32f1xx_hal_uart.o
 .debug_macro   0x000000000001855b      0x1bc ./Drivers/STM32F1xx_HAL_Driver/Src/stm32f1xx_hal_usart.o
 .debug_macro   0x0000000000018717      0x247 ./Middlewares/Third_Party/FreeRTOS/Source/CMSIS_RTOS_V2/cmsis_os2.o
 .debug_macro   0x000000000001895e       0x10 ./Middlewares/Third_Party/FreeRTOS/Source/CMSIS_RTOS_V2/cmsis_os2.o
 .debug_macro   0x000000000001896e       0xb7 ./Middlewares/Third_Party/FreeRTOS/Source/CMSIS_RTOS_V2/cmsis_os2.o
 .debug_macro   0x0000000000018a25       0x91 ./Middlewares/Third_Party/FreeRTOS/Source/CMSIS_RTOS_V2/cmsis_os2.o
 .debug_macro   0x0000000000018ab6       0x8d ./Middlewares/Third_Party/FreeRTOS/Source/CMSIS_RTOS_V2/cmsis_os2.o
 .debug_macro   0x0000000000018b43       0x9a ./Middlewares/Third_Party/FreeRTOS/Source/CMSIS_RTOS_V2/cmsis_os2.o
 .debug_macro   0x0000000000018bdd      0x187 ./Middlewares/Third_Party/FreeRTOS/Source/list.o
 .debug_macro   0x0000000000018d64      0x212 ./Middlewares/Third_Party/FreeRTOS/Source/queue.o
 .debug_macro   0x0000000000018f76       0x16 ./Middlewares/Third_Party/FreeRTOS/Source/queue.o
 .debug_macro   0x0000000000018f8c      0x287 ./Middlewares/Third_Party/FreeRTOS/Source/tasks.o
 .debug_macro   0x0000000000019213       0x10 ./Middlewares/Third_Party/FreeRTOS/Source/tasks.o
 .debug_macro   0x0000000000019223      0x1ca ./Middlewares/Third_Party/FreeRTOS/Source/timers.o
 .debug_macro   0x00000000000193ed      0x172 ./Middlewares/Third_Party/FreeRTOS/Source/portable/GCC/ARM_CM3/port.o
 .debug_macro   0x000000000001955f      0x1ae ./Middlewares/Third_Party/FreeRTOS/Source/portable/MemMang/heap_4.o

.debug_line     0x0000000000000000    0x1860e
 .debug_line    0x0000000000000000      0x8ff ./Core/Src/freertos.o
 .debug_line    0x00000000000008ff      0xa37 ./Core/Src/gpio.o
 .debug_line    0x0000000000001336      0x915 ./Core/Src/main.o
 .debug_line    0x0000000000001c4b      0x68c ./Core/Src/stm32f1xx_hal_msp.o
 .debug_line    0x00000000000022d7      0x8f3 ./Core/Src/stm32f1xx_it.o
 .debug_line    0x0000000000002bca      0x709 ./Core/Src/system_stm32f1xx.o
 .debug_line    0x00000000000032d3      0x7b5 ./Core/Src/tim.o
 .debug_line    0x0000000000003a88      0x967 ./Core/Src/usart.o
 .debug_line    0x00000000000043ef       0x86 ./Core/Startup/startup_stm32f103r8tx.o
 .debug_line    0x0000000000004475      0x936 ./Drivers/STM32F1xx_HAL_Driver/Src/stm32f1xx_hal.o
 .debug_line    0x0000000000004dab      0xb1e ./Drivers/STM32F1xx_HAL_Driver/Src/stm32f1xx_hal_cortex.o
 .debug_line    0x00000000000058c9      0xd8f ./Drivers/STM32F1xx_HAL_Driver/Src/stm32f1xx_hal_dma.o
 .debug_line    0x0000000000006658      0x9cf ./Drivers/STM32F1xx_HAL_Driver/Src/stm32f1xx_hal_gpio.o
 .debug_line    0x0000000000007027      0xd42 ./Drivers/STM32F1xx_HAL_Driver/Src/stm32f1xx_hal_rcc.o
 .debug_line    0x0000000000007d69     0x33c1 ./Drivers/STM32F1xx_HAL_Driver/Src/stm32f1xx_hal_tim.o
 .debug_line    0x000000000000b12a     0x188c ./Drivers/STM32F1xx_HAL_Driver/Src/stm32f1xx_hal_tim_ex.o
 .debug_line    0x000000000000c9b6     0x2867 ./Drivers/STM32F1xx_HAL_Driver/Src/stm32f1xx_hal_uart.o
 .debug_line    0x000000000000f21d     0x183c ./Drivers/STM32F1xx_HAL_Driver/Src/stm32f1xx_hal_usart.o
 .debug_line    0x0000000000010a59     0x244c ./Middlewares/Third_Party/FreeRTOS/Source/CMSIS_RTOS_V2/cmsis_os2.o
 .debug_line    0x0000000000012ea5      0x6fc ./Middlewares/Third_Party/FreeRTOS/Source/list.o
 .debug_line    0x00000000000135a1     0x16bf ./Middlewares/Third_Party/FreeRTOS/Source/queue.o
 .debug_line    0x0000000000014c60     0x1d17 ./Middlewares/Third_Party/FreeRTOS/Source/tasks.o
 .debug_line    0x0000000000016977      0xc8f ./Middlewares/Third_Party/FreeRTOS/Source/timers.o
 .debug_line    0x0000000000017606      0x74a ./Middlewares/Third_Party/FreeRTOS/Source/portable/GCC/ARM_CM3/port.o
 .debug_line    0x0000000000017d50      0x8be ./Middlewares/Third_Party/FreeRTOS/Source/portable/MemMang/heap_4.o

.debug_str      0x0000000000000000    0x95402
 .debug_str     0x0000000000000000    0x893f1 ./Core/Src/freertos.o
                                      0x8975c (size before relaxing)
 .debug_str     0x00000000000893f1      0x3ce ./Core/Src/gpio.o
                                      0x85179 (size before relaxing)
 .debug_str     0x00000000000897bf      0x697 ./Core/Src/main.o
                                      0x88b4e (size before relaxing)
 .debug_str     0x0000000000089e56       0x5a ./Core/Src/stm32f1xx_hal_msp.o
                                      0x84fd5 (size before relaxing)
 .debug_str     0x0000000000089eb0      0x40f ./Core/Src/stm32f1xx_it.o
                                      0x88dac (size before relaxing)
 .debug_str     0x000000000008a2bf       0x7e ./Core/Src/system_stm32f1xx.o
                                      0x84b55 (size before relaxing)
 .debug_str     0x000000000008a33d      0x1ed ./Core/Src/tim.o
                                      0x857b1 (size before relaxing)
 .debug_str     0x000000000008a52a     0x304e ./Core/Src/usart.o
                                      0x8890f (size before relaxing)
 .debug_str     0x000000000008d578       0x36 ./Core/Startup/startup_stm32f103r8tx.o
                                         0x56 (size before relaxing)
 .debug_str     0x000000000008d5ae      0x38e ./Drivers/STM32F1xx_HAL_Driver/Src/stm32f1xx_hal.o
                                      0x85288 (size before relaxing)
 .debug_str     0x000000000008d93c      0x28b ./Drivers/STM32F1xx_HAL_Driver/Src/stm32f1xx_hal_cortex.o
                                      0x851d4 (size before relaxing)
 .debug_str     0x000000000008dbc7      0x235 ./Drivers/STM32F1xx_HAL_Driver/Src/stm32f1xx_hal_dma.o
                                      0x84efe (size before relaxing)
 .debug_str     0x000000000008ddfc      0x297 ./Drivers/STM32F1xx_HAL_Driver/Src/stm32f1xx_hal_gpio.o
                                      0x84edb (size before relaxing)
 .debug_str     0x000000000008e093      0x229 ./Drivers/STM32F1xx_HAL_Driver/Src/stm32f1xx_hal_rcc.o
                                      0x84f84 (size before relaxing)
 .debug_str     0x000000000008e2bc      0xd8e ./Drivers/STM32F1xx_HAL_Driver/Src/stm32f1xx_hal_tim.o
                                      0x85f76 (size before relaxing)
 .debug_str     0x000000000008f04a      0x493 ./Drivers/STM32F1xx_HAL_Driver/Src/stm32f1xx_hal_tim_ex.o
                                      0x85792 (size before relaxing)
 .debug_str     0x000000000008f4dd      0x5c5 ./Drivers/STM32F1xx_HAL_Driver/Src/stm32f1xx_hal_uart.o
                                      0x855f5 (size before relaxing)
 .debug_str     0x000000000008faa2      0x426 ./Drivers/STM32F1xx_HAL_Driver/Src/stm32f1xx_hal_usart.o
                                      0x85405 (size before relaxing)
 .debug_str     0x000000000008fec8     0x2c55 ./Middlewares/Third_Party/FreeRTOS/Source/CMSIS_RTOS_V2/cmsis_os2.o
                                       0xe0ec (size before relaxing)
 .debug_str     0x0000000000092b1d      0x21b ./Middlewares/Third_Party/FreeRTOS/Source/list.o
                                       0xa1d9 (size before relaxing)
 .debug_str     0x0000000000092d38      0x86c ./Middlewares/Third_Party/FreeRTOS/Source/queue.o
                                       0xbbd3 (size before relaxing)
 .debug_str     0x00000000000935a4     0x10a1 ./Middlewares/Third_Party/FreeRTOS/Source/tasks.o
                                       0xc737 (size before relaxing)
 .debug_str     0x0000000000094645      0x515 ./Middlewares/Third_Party/FreeRTOS/Source/timers.o
                                       0xc0a8 (size before relaxing)
 .debug_str     0x0000000000094b5a      0x66e ./Middlewares/Third_Party/FreeRTOS/Source/portable/GCC/ARM_CM3/port.o
                                       0x7f7a (size before relaxing)
 .debug_str     0x00000000000951c8      0x23a ./Middlewares/Third_Party/FreeRTOS/Source/portable/MemMang/heap_4.o
                                       0xa926 (size before relaxing)

.comment        0x0000000000000000       0x50
 .comment       0x0000000000000000       0x50 ./Core/Src/freertos.o
                                         0x51 (size before relaxing)
 .comment       0x0000000000000050       0x51 ./Core/Src/gpio.o
 .comment       0x0000000000000050       0x51 ./Core/Src/main.o
 .comment       0x0000000000000050       0x51 ./Core/Src/stm32f1xx_hal_msp.o
 .comment       0x0000000000000050       0x51 ./Core/Src/stm32f1xx_it.o
 .comment       0x0000000000000050       0x51 ./Core/Src/system_stm32f1xx.o
 .comment       0x0000000000000050       0x51 ./Core/Src/tim.o
 .comment       0x0000000000000050       0x51 ./Core/Src/usart.o
 .comment       0x0000000000000050       0x51 ./Drivers/STM32F1xx_HAL_Driver/Src/stm32f1xx_hal.o
 .comment       0x0000000000000050       0x51 ./Drivers/STM32F1xx_HAL_Driver/Src/stm32f1xx_hal_cortex.o
 .comment       0x0000000000000050       0x51 ./Drivers/STM32F1xx_HAL_Driver/Src/stm32f1xx_hal_dma.o
 .comment       0x0000000000000050       0x51 ./Drivers/STM32F1xx_HAL_Driver/Src/stm32f1xx_hal_gpio.o
 .comment       0x0000000000000050       0x51 ./Drivers/STM32F1xx_HAL_Driver/Src/stm32f1xx_hal_rcc.o
 .comment       0x0000000000000050       0x51 ./Drivers/STM32F1xx_HAL_Driver/Src/stm32f1xx_hal_tim.o
 .comment       0x0000000000000050       0x51 ./Drivers/STM32F1xx_HAL_Driver/Src/stm32f1xx_hal_tim_ex.o
 .comment       0x0000000000000050       0x51 ./Drivers/STM32F1xx_HAL_Driver/Src/stm32f1xx_hal_uart.o
 .comment       0x0000000000000050       0x51 ./Drivers/STM32F1xx_HAL_Driver/Src/stm32f1xx_hal_usart.o
 .comment       0x0000000000000050       0x51 ./Middlewares/Third_Party/FreeRTOS/Source/CMSIS_RTOS_V2/cmsis_os2.o
 .comment       0x0000000000000050       0x51 ./Middlewares/Third_Party/FreeRTOS/Source/list.o
 .comment       0x0000000000000050       0x51 ./Middlewares/Third_Party/FreeRTOS/Source/queue.o
 .comment       0x0000000000000050       0x51 ./Middlewares/Third_Party/FreeRTOS/Source/tasks.o
 .comment       0x0000000000000050       0x51 ./Middlewares/Third_Party/FreeRTOS/Source/timers.o
 .comment       0x0000000000000050       0x51 ./Middlewares/Third_Party/FreeRTOS/Source/portable/GCC/ARM_CM3/port.o
 .comment       0x0000000000000050       0x51 ./Middlewares/Third_Party/FreeRTOS/Source/portable/MemMang/heap_4.o

.debug_frame    0x0000000000000000     0x5d84
 .debug_frame   0x0000000000000000      0x10c ./Core/Src/freertos.o
 .debug_frame   0x000000000000010c      0x388 ./Core/Src/gpio.o
 .debug_frame   0x0000000000000494       0x8c ./Core/Src/main.o
 .debug_frame   0x0000000000000520       0x34 ./Core/Src/stm32f1xx_hal_msp.o
 .debug_frame   0x0000000000000554      0x1a4 ./Core/Src/stm32f1xx_it.o
 .debug_frame   0x00000000000006f8       0x58 ./Core/Src/system_stm32f1xx.o
 .debug_frame   0x0000000000000750       0xc4 ./Core/Src/tim.o
 .debug_frame   0x0000000000000814      0x120 ./Core/Src/usart.o
 .debug_frame   0x0000000000000934      0x334 ./Drivers/STM32F1xx_HAL_Driver/Src/stm32f1xx_hal.o
 .debug_frame   0x0000000000000c68      0x428 ./Drivers/STM32F1xx_HAL_Driver/Src/stm32f1xx_hal_cortex.o
 .debug_frame   0x0000000000001090      0x208 ./Drivers/STM32F1xx_HAL_Driver/Src/stm32f1xx_hal_dma.o
 .debug_frame   0x0000000000001298      0x14c ./Drivers/STM32F1xx_HAL_Driver/Src/stm32f1xx_hal_gpio.o
 .debug_frame   0x00000000000013e4      0x218 ./Drivers/STM32F1xx_HAL_Driver/Src/stm32f1xx_hal_rcc.o
 .debug_frame   0x00000000000015fc     0x11bc ./Drivers/STM32F1xx_HAL_Driver/Src/stm32f1xx_hal_tim.o
 .debug_frame   0x00000000000027b8      0x638 ./Drivers/STM32F1xx_HAL_Driver/Src/stm32f1xx_hal_tim_ex.o
 .debug_frame   0x0000000000002df0      0x944 ./Drivers/STM32F1xx_HAL_Driver/Src/stm32f1xx_hal_uart.o